*** Using Compiler 'V5.06 update 7 (build 960)', folder: 'E:\Keil5\ARM\ARMCC\Bin'
Build target 'the_car'
compiling Serial.c...
compiling oled_task.c...
compiling serial_task.c...
icode\task\serial_task.h(27): warning:  #1-D: last line of file ends without a newline
  #endif
icode\task\serial_task.c(96): warning:  #1-D: last line of file ends without a newline
  }
icode\task\serial_task.c: 2 warnings, 0 errors
compiling key_task.c...
compiling stepper_task.c...
compiling nrf_task.c...
compiling motor_task.c...
icode\task\motor_task.c(131): warning:  #550-D: variable "speed_err"  was set but never used
              float speed_err;
icode\task\motor_task.c: 1 warning, 0 errors
compiling freertos.c...
./icode/task/serial_task.h(27): warning:  #1-D: last line of file ends without a newline
  #endif
../Core/Src/freertos.c: 1 warning, 0 errors
linking...
Program Size: Code=38448 RO-data=2888 RW-data=300 ZI-data=24324  
FromELF: creating hex file...
"Base_Project\Base_Project.axf" - 0 Error(s), 4 Warning(s).
Build Time Elapsed:  00:00:07
