*** Using Compiler 'V5.06 update 7 (build 960)', folder: 'E:\Keil5\ARM\ARMCC\Bin'
Build target 'the_car'
assembling startup_stm32f407xx.s...
compiling stm32f4xx_hal_rcc.c...
compiling stm32f4xx_hal_rcc_ex.c...
compiling spi.c...
compiling stm32f4xx_hal_timebase_tim.c...
compiling gpio.c...
compiling i2c.c...
compiling stm32f4xx_it.c...
compiling stm32f4xx_hal_msp.c...
compiling dma.c...
compiling usart.c...
compiling tim.c...
compiling stm32f4xx_hal_flash_ramfunc.c...
compiling stm32f4xx_hal_tim_ex.c...
compiling stm32f4xx_hal_flash_ex.c...
compiling stm32f4xx_hal_gpio.c...
compiling stm32f4xx_hal_dma_ex.c...
compiling stm32f4xx_hal_pwr.c...
compiling stm32f4xx_hal_dma.c...
compiling main.c...
compiling stm32f4xx_hal_tim.c...
compiling freertos.c...
compiling stm32f4xx_hal_pwr_ex.c...
compiling key_task.c...
compiling oled_task.c...
compiling stepper_task.c...
compiling nrf_task.c...
compiling dc_motor.c...
icode\driver\dc_motor.c(7): warning:  #188-D: enumerated type mixed with another type
  static DCMotor_Status_t s_motor = {0};
icode\driver\dc_motor.c: 1 warning, 0 errors
compiling motor_task.c...
compiling key.c...
icode\driver\key.c(28): warning:  #1-D: last line of file ends without a newline
  */
icode\driver\key.c: 1 warning, 0 errors
compiling stm32f4xx_hal_cortex.c...
compiling nrf24l01.c...
compiling system_stm32f4xx.c...
compiling stm32f4xx_hal.c...
compiling OLED.c...
icode\driver\OLED.c(728): warning:  #1-D: last line of file ends without a newline
  }
icode\driver\OLED.c: 1 warning, 0 errors
compiling stm32f4xx_hal_flash.c...
compiling Serial.c...
compiling step_motor.c...
compiling stm32f4xx_hal_spi.c...
compiling stm32f4xx_hal_i2c_ex.c...
compiling stm32f4xx_hal_uart.c...
compiling stm32f4xx_hal_exti.c...
compiling cmsis_os2.c...
compiling stm32f4xx_hal_i2c.c...
linking...
Program Size: Code=39492 RO-data=2888 RW-data=288 ZI-data=23312  
FromELF: creating hex file...
"Base_Project\Base_Project.axf" - 0 Error(s), 3 Warning(s).
Build Time Elapsed:  00:00:33
