<html>
<body>
<pre>
<h1>礦ision Build Log</h1>
<h2>Tool Versions:</h2>
IDE-Version: μVision V5.39.0.0
Copyright (C) 2023 ARM Ltd and ARM Germany GmbH. All rights reserved.
License Information: 1 wcx1287242353@126.com, 1, LIC=HN0AE-5TBXM-BSNYX-HPI7Y-R07QK-EKNBQ
 
Tool Versions:
Toolchain:       MDK-ARM Plus  Version: 5.39.0.0
Toolchain Path:  E:\Keil5\ARM\ARMCC\Bin
C Compiler:      Armcc.exe V5.06 update 7 (build 960)
Assembler:       Armasm.exe V5.06 update 7 (build 960)
Linker/Locator:  ArmLink.exe V5.06 update 7 (build 960)
Library Manager: ArmAr.exe V5.06 update 7 (build 960)
Hex Converter:   FromElf.exe V5.06 update 7 (build 960)
CPU DLL:         SARMCM3.DLL V5.39.0.0
Dialog DLL:      DCM.DLL V1.17.5.0
Target DLL:      CMSIS_AGDI.dll V1.33.16.0
Dialog DLL:      TCM.DLL V1.56.4.0
 
<h2>Project:</h2>
d:\STM32F407 Project\国创小车\the car\MDK-ARM\the_car.uvprojx
Project File Date:  04/14/2026

<h2>Output:</h2>
*** Using Compiler 'V5.06 update 7 (build 960)', folder: 'E:\Keil5\ARM\ARMCC\Bin'
Build target 'the_car'
compiling Serial.c...
compiling oled_task.c...
compiling serial_task.c...
icode\task\serial_task.h(27): warning:  #1-D: last line of file ends without a newline
  #endif
icode\task\serial_task.c(96): warning:  #1-D: last line of file ends without a newline
  }
icode\task\serial_task.c: 2 warnings, 0 errors
compiling key_task.c...
compiling stepper_task.c...
compiling nrf_task.c...
compiling motor_task.c...
icode\task\motor_task.c(131): warning:  #550-D: variable "speed_err"  was set but never used
              float speed_err;
icode\task\motor_task.c: 1 warning, 0 errors
compiling freertos.c...
./icode/task/serial_task.h(27): warning:  #1-D: last line of file ends without a newline
  #endif
../Core/Src/freertos.c: 1 warning, 0 errors
linking...
Program Size: Code=38448 RO-data=2888 RW-data=300 ZI-data=24324  
FromELF: creating hex file...
"Base_Project\Base_Project.axf" - 0 Error(s), 4 Warning(s).

<h2>Software Packages used:</h2>

Package Vendor: ARM
                https://www.keil.com/pack/ARM.CMSIS.6.1.0.pack
                ARM::CMSIS@6.1.0
                CMSIS (Common Microcontroller Software Interface Standard)
   * Component: CORE Version: 6.1.0

Package Vendor: Keil
                http://www.keil.com/pack/Keil.STM32F4xx_DFP.2.15.0.pack
                Keil::STM32F4xx_DFP@2.15.0
                STMicroelectronics STM32F4 Series Device Support, Drivers and Examples

<h2>Collection of Component include folders:</h2>
  ./RTE/_the_car
  E:/Keil5/ARM/PACK/ARM/CMSIS/6.1.0/CMSIS/Core/Include
  E:/Keil5/ARM/PACK/Keil/STM32F4xx_DFP/2.15.0/Drivers/CMSIS/Device/ST/STM32F4xx/Include

<h2>Collection of Component Files used:</h2>

   * Component: ARM::CMSIS:CORE@6.1.0
Build Time Elapsed:  00:00:07
</pre>
</body>
</html>
