Component: ARM Compiler 5.06 update 7 (build 960) Tool: armlink [4d3601]

==============================================================================

Section Cross References

    startup_stm32f407xx.o(RESET) refers to startup_stm32f407xx.o(STACK) for __initial_sp
    startup_stm32f407xx.o(RESET) refers to startup_stm32f407xx.o(.text) for Reset_Handler
    startup_stm32f407xx.o(RESET) refers to stm32f4xx_it.o(i.NMI_Handler) for NMI_Handler
    startup_stm32f407xx.o(RESET) refers to stm32f4xx_it.o(i.HardFault_Handler) for HardFault_Handler
    startup_stm32f407xx.o(RESET) refers to stm32f4xx_it.o(i.MemManage_Handler) for MemManage_Handler
    startup_stm32f407xx.o(RESET) refers to stm32f4xx_it.o(i.BusFault_Handler) for BusFault_Handler
    startup_stm32f407xx.o(RESET) refers to stm32f4xx_it.o(i.UsageFault_Handler) for UsageFault_Handler
    startup_stm32f407xx.o(RESET) refers to port.o(.emb_text) for SVC_Handler
    startup_stm32f407xx.o(RESET) refers to stm32f4xx_it.o(i.DebugMon_Handler) for DebugMon_Handler
    startup_stm32f407xx.o(RESET) refers to cmsis_os2.o(i.SysTick_Handler) for SysTick_Handler
    startup_stm32f407xx.o(RESET) refers to stm32f4xx_it.o(i.DMA1_Stream5_IRQHandler) for DMA1_Stream5_IRQHandler
    startup_stm32f407xx.o(RESET) refers to stm32f4xx_it.o(i.DMA1_Stream6_IRQHandler) for DMA1_Stream6_IRQHandler
    startup_stm32f407xx.o(RESET) refers to stm32f4xx_it.o(i.TIM1_UP_TIM10_IRQHandler) for TIM1_UP_TIM10_IRQHandler
    startup_stm32f407xx.o(RESET) refers to stm32f4xx_it.o(i.USART2_IRQHandler) for USART2_IRQHandler
    startup_stm32f407xx.o(RESET) refers to stm32f4xx_it.o(i.TIM6_DAC_IRQHandler) for TIM6_DAC_IRQHandler
    startup_stm32f407xx.o(.text) refers to system_stm32f4xx.o(i.SystemInit) for SystemInit
    startup_stm32f407xx.o(.text) refers to entry.o(.ARM.Collect$$$$00000000) for __main
    main.o(i.HAL_TIM_PeriodElapsedCallback) refers to stm32f4xx_hal.o(i.HAL_IncTick) for HAL_IncTick
    main.o(i.HAL_UARTEx_RxEventCallback) refers to serial.o(i.Serial2_DMA_RxEvent) for Serial2_DMA_RxEvent
    main.o(i.SystemClock_Config) refers to memseta.o(.text) for __aeabi_memclr4
    main.o(i.SystemClock_Config) refers to stm32f4xx_hal_rcc.o(i.HAL_RCC_OscConfig) for HAL_RCC_OscConfig
    main.o(i.SystemClock_Config) refers to main.o(i.Error_Handler) for Error_Handler
    main.o(i.SystemClock_Config) refers to stm32f4xx_hal_rcc.o(i.HAL_RCC_ClockConfig) for HAL_RCC_ClockConfig
    main.o(i.main) refers to stm32f4xx_hal.o(i.HAL_Init) for HAL_Init
    main.o(i.main) refers to main.o(i.SystemClock_Config) for SystemClock_Config
    main.o(i.main) refers to gpio.o(i.MX_GPIO_Init) for MX_GPIO_Init
    main.o(i.main) refers to dma.o(i.MX_DMA_Init) for MX_DMA_Init
    main.o(i.main) refers to usart.o(i.MX_USART2_UART_Init) for MX_USART2_UART_Init
    main.o(i.main) refers to i2c.o(i.MX_I2C1_Init) for MX_I2C1_Init
    main.o(i.main) refers to tim.o(i.MX_TIM6_Init) for MX_TIM6_Init
    main.o(i.main) refers to tim.o(i.MX_TIM2_Init) for MX_TIM2_Init
    main.o(i.main) refers to tim.o(i.MX_TIM3_Init) for MX_TIM3_Init
    main.o(i.main) refers to tim.o(i.MX_TIM4_Init) for MX_TIM4_Init
    main.o(i.main) refers to tim.o(i.MX_TIM5_Init) for MX_TIM5_Init
    main.o(i.main) refers to tim.o(i.MX_TIM9_Init) for MX_TIM9_Init
    main.o(i.main) refers to spi.o(i.MX_SPI2_Init) for MX_SPI2_Init
    main.o(i.main) refers to cmsis_os2.o(i.osKernelInitialize) for osKernelInitialize
    main.o(i.main) refers to freertos.o(i.MX_FREERTOS_Init) for MX_FREERTOS_Init
    main.o(i.main) refers to cmsis_os2.o(i.osKernelStart) for osKernelStart
    gpio.o(i.MX_GPIO_Init) refers to memseta.o(.text) for __aeabi_memclr4
    gpio.o(i.MX_GPIO_Init) refers to stm32f4xx_hal_gpio.o(i.HAL_GPIO_WritePin) for HAL_GPIO_WritePin
    gpio.o(i.MX_GPIO_Init) refers to stm32f4xx_hal_gpio.o(i.HAL_GPIO_Init) for HAL_GPIO_Init
    freertos.o(i.MX_FREERTOS_Init) refers to oled.o(i.OLED_Init) for OLED_Init
    freertos.o(i.MX_FREERTOS_Init) refers to oled.o(i.OLED_ShowString) for OLED_ShowString
    freertos.o(i.MX_FREERTOS_Init) refers to oled.o(i.OLED_Update) for OLED_Update
    freertos.o(i.MX_FREERTOS_Init) refers to cmsis_os2.o(i.osThreadNew) for osThreadNew
    freertos.o(i.MX_FREERTOS_Init) refers to motor_task.o(i.Motor_Task_Init) for Motor_Task_Init
    freertos.o(i.MX_FREERTOS_Init) refers to oled_task.o(i.OLED_Task_Init) for OLED_Task_Init
    freertos.o(i.MX_FREERTOS_Init) refers to key_task.o(i.Key_Task_Init) for Key_Task_Init
    freertos.o(i.MX_FREERTOS_Init) refers to stepper_task.o(i.Stepper_Task_Init) for Stepper_Task_Init
    freertos.o(i.MX_FREERTOS_Init) refers to nrf_task.o(i.Nrf_Task_Init) for Nrf_Task_Init
    freertos.o(i.MX_FREERTOS_Init) refers to serial_task.o(i.Serial_Task_Init) for Serial_Task_Init
    freertos.o(i.MX_FREERTOS_Init) refers to freertos.o(.constdata) for defaultTask_attributes
    freertos.o(i.MX_FREERTOS_Init) refers to freertos.o(i.StartDefaultTask) for StartDefaultTask
[...]
    .bss                                     0x200004d0   Section       64  queue.o(.bss)
    .bss                                     0x20000510   Section     1220  tasks.o(.bss)
    pxReadyTasksLists                        0x20000510   Data        1120  tasks.o(.bss)
    xDelayedTaskList1                        0x20000970   Data          20  tasks.o(.bss)
    xDelayedTaskList2                        0x20000984   Data          20  tasks.o(.bss)
    xPendingReadyList                        0x20000998   Data          20  tasks.o(.bss)
    xTasksWaitingTermination                 0x200009ac   Data          20  tasks.o(.bss)
    xSuspendedTaskList                       0x200009c0   Data          20  tasks.o(.bss)
    .bss                                     0x200009d4   Section      280  timers.o(.bss)
    xActiveTimerList1                        0x200009d4   Data          20  timers.o(.bss)
    xActiveTimerList2                        0x200009e8   Data          20  timers.o(.bss)
    xStaticTimerQueue                        0x200009fc   Data          80  timers.o(.bss)
    ucStaticTimerQueueStorage                0x20000a4c   Data         160  timers.o(.bss)
    .bss                                     0x20000aec   Section     1720  cmsis_os2.o(.bss)
    Idle_TCB                                 0x20000aec   Data          92  cmsis_os2.o(.bss)
    Idle_Stack                               0x20000b48   Data         512  cmsis_os2.o(.bss)
    Timer_TCB                                0x20000d48   Data          92  cmsis_os2.o(.bss)
    Timer_Stack                              0x20000da4   Data        1024  cmsis_os2.o(.bss)
    .bss                                     0x200011a4   Section    15360  heap_4.o(.bss)
    ucHeap                                   0x200011a4   Data       15360  heap_4.o(.bss)
    .bss                                     0x20004da4   Section       64  motor_task.o(.bss)
    .bss                                     0x20004de4   Section       68  oled_task.o(.bss)
    g_oled_display_data                      0x20004de4   Data          68  oled_task.o(.bss)
    .bss                                     0x20004e28   Section       24  dc_motor.o(.bss)
    s_motor                                  0x20004e28   Data          24  dc_motor.o(.bss)
    .bss                                     0x20004e40   Section     1024  oled.o(.bss)
    .bss                                     0x20005240   Section     1776  serial.o(.bss)
    RxBuffer                                 0x20005434   Data         500  serial.o(.bss)
    TxDmaBuffer                              0x20005628   Data         256  serial.o(.bss)
    numBuffer                                0x20005728   Data          20  serial.o(.bss)
    buffer_Serial2                           0x2000573c   Data         500  serial.o(.bss)
    STACK                                    0x20005930   Section     1024  startup_stm32f407xx.o(STACK)

    Global Symbols

    Symbol Name                              Value     Ov Type        Size  Object(Section)

    BuildAttributes$$THM_ISAv4$E$P$D$K$B$S$7EM$VFPi3$EXTD16$VFPS$VFMA$PE$A:L22UL41UL21$X:L11$S22US41US21$IEEE1$IW$USESV6$~STKCKD$USESV7$~SHL$OTIME$ROPI$IEEEX$EBA8$MICROLIB$REQ8$PRES8$EABIv2 0x00000000   Number         0  anon$$obj.o ABSOLUTE
    __ARM_use_no_argv                        0x00000000   Number         0  main.o ABSOLUTE
    __arm_fini_                               - Undefined Weak Reference
    __cpp_initialize__aeabi_                  - Undefined Weak Reference
    __cxa_finalize                            - Undefined Weak Reference
    __decompress                              - Undefined Weak Reference
    _clock_init                               - Undefined Weak Reference
    _microlib_exit                            - Undefined Weak Reference
    __Vectors_Size                           0x00000188   Number         0  startup_stm32f407xx.o ABSOLUTE
    __Vectors                                0x08000000   Data           4  startup_stm32f407xx.o(RESET)
    __Vectors_End                            0x08000188   Data           0  startup_stm32f407xx.o(RESET)
    __main                                   0x08000189   Thumb Code     0  entry.o(.ARM.Collect$$$$00000000)
    _main_stk                                0x08000189   Thumb Code     0  entry2.o(.ARM.Collect$$$$00000001)
    _main_scatterload                        0x0800018d   Thumb Code     0  entry5.o(.ARM.Collect$$$$00000004)
    __main_after_scatterload                 0x08000191   Thumb Code     0  entry5.o(.ARM.Collect$$$$00000004)
    _main_clock                              0x08000191   Thumb Code     0  entry7b.o(.ARM.Collect$$$$00000008)
    _main_cpp_init                           0x08000191   Thumb Code     0  entry8b.o(.ARM.Collect$$$$0000000A)
    _main_init                               0x08000191   Thumb Code     0  entry9a.o(.ARM.Collect$$$$0000000B)
    __rt_lib_shutdown_fini                   0x08000199   Thumb Code     0  entry12b.o(.ARM.Collect$$$$0000000E)
    __rt_final_cpp                           0x0800019d   Thumb Code     0  entry10a.o(.ARM.Collect$$$$0000000F)
    __rt_final_exit                          0x0800019d   Thumb Code     0  entry11a.o(.ARM.Collect$$$$00000011)
    SVC_Handler                              0x080001a1   Thumb Code    28  port.o(.emb_text)
    __asm___6_port_c_39a90d8d__prvStartFirstTask 0x080001c1   Thumb Code    36  port.o(.emb_text)
    __asm___6_port_c_39a90d8d__prvEnableVFP  0x080001e9   Thumb Code    16  port.o(.emb_text)
    PendSV_Handler                           0x080001fd   Thumb Code    88  port.o(.emb_text)
    vPortGetIPSR                             0x08000259   Thumb Code     6  port.o(.emb_text)
    Reset_Handler                            0x08000261   Thumb Code     8  startup_stm32f407xx.o(.text)
    ADC_IRQHandler                           0x0800027b   Thumb Code     0  startup_stm32f407xx.o(.text)
    CAN1_RX0_IRQHandler                      0x0800027b   Thumb Code     0  startup_stm32f407xx.o(.text)
    CAN1_RX1_IRQHandler                      0x0800027b   Thumb Code     0  startup_stm32f407xx.o(.text)
    CAN1_SCE_IRQHandler                      0x0800027b   Thumb Code     0  startup_stm32f407xx.o(.text)
    CAN1_TX_IRQHandler                       0x0800027b   Thumb Code     0  startup_stm32f407xx.o(.text)
    CAN2_RX0_IRQHandler                      0x0800027b   Thumb Code     0  startup_stm32f407xx.o(.text)
    CAN2_RX1_IRQHandler                      0x0800027b   Thumb Code     0  startup_stm32f407xx.o(.text)
    CAN2_SCE_IRQHandler                      0x0800027b   Thumb Code     0  startup_stm32f407xx.o(.text)
    CAN2_TX_IRQHandler                       0x0800027b   Thumb Code     0  startup_stm32f407xx.o(.text)
    DCMI_IRQHandler                          0x0800027b   Thumb Code     0  startup_stm32f407xx.o(.text)
    DMA1_Stream0_IRQHandler                  0x0800027b   Thumb Code     0  startup_stm32f407xx.o(.text)
    DMA1_Stream1_IRQHandler                  0x0800027b   Thumb Code     0  startup_stm32f407xx.o(.text)
    DMA1_Stream2_IRQHandler                  0x0800027b   Thumb Code     0  startup_stm32f407xx.o(.text)
    DMA1_Stream3_IRQHandler                  0x0800027b   Thumb Code     0  startup_stm32f407xx.o(.text)
    DMA1_Stream4_IRQHandler                  0x0800027b   Thumb Code     0  startup_stm32f407xx.o(.text)
    DMA1_Stream7_IRQHandler                  0x0800027b   Thumb Code     0  startup_stm32f407xx.o(.text)
    DMA2_Stream0_IRQHandler                  0x0800027b   Thumb Code     0  startup_stm32f407xx.o(.text)
    DMA2_Stream1_IRQHandler                  0x0800027b   Thumb Code     0  startup_stm32f407xx.o(.text)
    DMA2_Stream2_IRQHandler                  0x0800027b   Thumb Code     0  startup_stm32f407xx.o(.text)
    DMA2_Stream3_IRQHandler                  0x0800027b   Thumb Code     0  startup_stm32f407xx.o(.text)
    DMA2_Stream4_IRQHandler                  0x0800027b   Thumb Code     0  startup_stm32f407xx.o(.text)
    DMA2_Stream5_IRQHandler                  0x0800027b   Thumb Code     0  startup_stm32f407xx.o(.text)
    DMA2_Stream6_IRQHandler                  0x0800027b   Thumb Code     0  startup_stm32f407xx.o(.text)
    DMA2_Stream7_IRQHandler                  0x0800027b   Thumb Code     0  startup_stm32f407xx.o(.text)
    ETH_IRQHandler                           0x0800027b   Thumb Code     0  startup_stm32f407xx.o(.text)
    ETH_WKUP_IRQHandler                      0x0800027b   Thumb Code     0  startup_stm32f407xx.o(.text)
    EXTI0_IRQHandler                         0x0800027b   Thumb Code     0  startup_stm32f407xx.o(.text)
    EXTI15_10_IRQHandler                     0x0800027b   Thumb Code     0  startup_stm32f407xx.o(.text)
    EXTI1_IRQHandler                         0x0800027b   Thumb Code     0  startup_stm32f407xx.o(.text)
    EXTI2_IRQHandler                         0x0800027b   Thumb Code     0  startup_stm32f407xx.o(.text)
    EXTI3_IRQHandler                         0x0800027b   Thumb Code     0  startup_stm32f407xx.o(.text)
    EXTI4_IRQHandler                         0x0800027b   Thumb Code     0  startup_stm32f407xx.o(.text)
    EXTI9_5_IRQHandler                       0x0800027b   Thumb Code     0  startup_stm32f407xx.o(.text)
    FLASH_IRQHandler                         0x0800027b   Thumb Code     0  startup_stm32f407xx.o(.text)
    FMC_IRQHandler                           0x0800027b   Thumb Code     0  startup_stm32f407xx.o(.text)
    FPU_IRQHandler                           0x0800027b   Thumb Code     0  startup_stm32f407xx.o(.text)
    HASH_RNG_IRQHandler                      0x0800027b   Thumb Code     0  startup_stm32f407xx.o(.text)
    I2C1_ER_IRQHandler                       0x0800027b   Thumb Code     0  startup_stm32f407xx.o(.text)
    I2C1_EV_IRQHandler                       0x0800027b   Thumb Code     0  startup_stm32f407xx.o(.text)
    I2C2_ER_IRQHandler                       0x0800027b   Thumb Code     0  startup_stm32f407xx.o(.text)
    I2C2_EV_IRQHandler                       0x0800027b   Thumb Code     0  startup_stm32f407xx.o(.text)
    I2C3_ER_IRQHandler                       0x0800027b   Thumb Code     0  startup_stm32f407xx.o(.text)
    I2C3_EV_IRQHandler                       0x0800027b   Thumb Code     0  startup_stm32f407xx.o(.text)
    OTG_FS_IRQHandler                        0x0800027b   Thumb Code     0  startup_stm32f407xx.o(.text)
    OTG_FS_WKUP_IRQHandler                   0x0800027b   Thumb Code     0  startup_stm32f407xx.o(.text)
    OTG_HS_EP1_IN_IRQHandler                 0x0800027b   Thumb Code     0  startup_stm32f407xx.o(.text)
    OTG_HS_EP1_OUT_IRQHandler                0x0800027b   Thumb Code     0  startup_stm32f407xx.o(.text)
    OTG_HS_IRQHandler                        0x0800027b   Thumb Code     0  startup_stm32f407xx.o(.text)
    OTG_HS_WKUP_IRQHandler                   0x0800027b   Thumb Code     0  startup_stm32f407xx.o(.text)
    PVD_IRQHandler                           0x0800027b   Thumb Code     0  startup_stm32f407xx.o(.text)
    RCC_IRQHandler                           0x0800027b   Thumb Code     0  startup_stm32f407xx.o(.text)
    RTC_Alarm_IRQHandler                     0x0800027b   Thumb Code     0  startup_stm32f407xx.o(.text)
    RTC_WKUP_IRQHandler                      0x0800027b   Thumb Code     0  startup_stm32f407xx.o(.text)
    SDIO_IRQHandler                          0x0800027b   Thumb Code     0  startup_stm32f407xx.o(.text)
    SPI1_IRQHandler                          0x0800027b   Thumb Code     0  startup_stm32f407xx.o(.text)
    SPI2_IRQHandler                          0x0800027b   Thumb Code     0  startup_stm32f407xx.o(.text)
    SPI3_IRQHandler                          0x0800027b   Thumb Code     0  startup_stm32f407xx.o(.text)
    TAMP_STAMP_IRQHandler                    0x0800027b   Thumb Code     0  startup_stm32f407xx.o(.text)
    TIM1_BRK_TIM9_IRQHandler                 0x0800027b   Thumb Code     0  startup_stm32f407xx.o(.text)
    TIM1_CC_IRQHandler                       0x0800027b   Thumb Code     0  startup_stm32f407xx.o(.text)
    TIM1_TRG_COM_TIM11_IRQHandler            0x0800027b   Thumb Code     0  startup_stm32f407xx.o(.text)
    TIM2_IRQHandler                          0x0800027b   Thumb Code     0  startup_stm32f407xx.o(.text)
    TIM3_IRQHandler                          0x0800027b   Thumb Code     0  startup_stm32f407xx.o(.text)
    TIM4_IRQHandler                          0x0800027b   Thumb Code     0  startup_stm32f407xx.o(.text)
    TIM5_IRQHandler                          0x0800027b   Thumb Code     0  startup_stm32f407xx.o(.text)
    TIM7_IRQHandler                          0x0800027b   Thumb Code     0  startup_stm32f407xx.o(.text)
    TIM8_BRK_TIM12_IRQHandler                0x0800027b   Thumb Code     0  startup_stm32f407xx.o(.text)
    TIM8_CC_IRQHandler                       0x0800027b   Thumb Code     0  startup_stm32f407xx.o(.text)
    TIM8_TRG_COM_TIM14_IRQHandler            0x0800027b   Thumb Code     0  startup_stm32f407xx.o(.text)
    TIM8_UP_TIM13_IRQHandler                 0x0800027b   Thumb Code     0  startup_stm32f407xx.o(.text)
    UART4_IRQHandler                         0x0800027b   Thumb Code     0  startup_stm32f407xx.o(.text)
    UART5_IRQHandler                         0x0800027b   Thumb Code     0  startup_stm32f407xx.o(.text)
    USART1_IRQHandler                        0x0800027b   Thumb Code     0  startup_stm32f407xx.o(.text)
    USART3_IRQHandler                        0x0800027b   Thumb Code     0  startup_stm32f407xx.o(.text)
    USART6_IRQHandler                        0x0800027b   Thumb Code     0  startup_stm32f407xx.o(.text)
    WWDG_IRQHandler                          0x0800027b   Thumb Code     0  startup_stm32f407xx.o(.text)
    __aeabi_uldivmod                         0x08000285   Thumb Code    98  uldiv.o(.text)
    __aeabi_memcpy                           0x080002e7   Thumb Code    36  memcpya.o(.text)
    __aeabi_memcpy4                          0x080002e7   Thumb Code     0  memcpya.o(.text)
    __aeabi_memcpy8                          0x080002e7   Thumb Code     0  memcpya.o(.text)
    __aeabi_memset                           0x0800030b   Thumb Code    14  memseta.o(.text)
    __aeabi_memset4                          0x0800030b   Thumb Code     0  memseta.o(.text)
    __aeabi_memset8                          0x0800030b   Thumb Code     0  memseta.o(.text)
    __aeabi_memclr                           0x08000319   Thumb Code     4  memseta.o(.text)
    __aeabi_memclr4                          0x08000319   Thumb Code     0  memseta.o(.text)
    __aeabi_memclr8                          0x08000319   Thumb Code     0  memseta.o(.text)
    memset                                   0x0800031d   Thumb Code    18  memseta.o(.text)
    strlen                                   0x0800032f   Thumb Code    14  strlen.o(.text)
    strcmp                                   0x0800033d   Thumb Code    28  strcmp.o(.text)
    __aeabi_dadd                             0x08000359   Thumb Code   322  dadd.o(.text)
    __aeabi_dsub                             0x0800049b   Thumb Code     6  dadd.o(.text)
    __aeabi_drsub                            0x080004a1   Thumb Code     6  dadd.o(.text)
    __aeabi_dmul                             0x080004a7   Thumb Code   228  dmul.o(.text)
    __aeabi_ui2d                             0x0800058b   Thumb Code    26  dfltui.o(.text)
    __aeabi_d2uiz                            0x080005a5   Thumb Code    50  dfixui.o(.text)
    __aeabi_f2d                              0x080005d7   Thumb Code    38  f2d.o(.text)
    __aeabi_cdcmpeq                          0x080005fd   Thumb Code     0  cdcmple.o(.text)
    __aeabi_cdcmple                          0x080005fd   Thumb Code    48  cdcmple.o(.text)
    __aeabi_cdrcmple                         0x0800062d   Thumb Code    48  cdrcmple.o(.text)
    __aeabi_llsl                             0x0800065d   Thumb Code    30  llshl.o(.text)
    _ll_shift_l                              0x0800065d   Thumb Code     0  llshl.o(.text)
    __aeabi_llsr                             0x0800067b   Thumb Code    32  llushr.o(.text)
    _ll_ushift_r                             0x0800067b   Thumb Code     0  llushr.o(.text)
    __aeabi_lasr                             0x0800069b   Thumb Code    36  llsshr.o(.text)
    _ll_sshift_r                             0x0800069b   Thumb Code     0  llsshr.o(.text)
    __I$use$fp                               0x080006bf   Thumb Code     0  iusefp.o(.text)
    _double_round                            0x080006bf   Thumb Code    30  depilogue.o(.text)
    _double_epilogue                         0x080006dd   Thumb Code   156  depilogue.o(.text)
    _drnd                                    0x08000779   Thumb Code   132  drnd.o(.text)
    __scatterload                            0x08000801   Thumb Code    28  init.o(.text)
    __scatterload_rt2                        0x08000801   Thumb Code     0  init.o(.text)
    BusFault_Handler                         0x0800112d   Thumb Code     4  stm32f4xx_it.o(i.BusFault_Handler)
    DCMotor_DirectionString                  0x0800114d   Thumb Code    28  dc_motor.o(i.DCMotor_DirectionString)
    DCMotor_Enable                           0x08001175   Thumb Code    24  dc_motor.o(i.DCMotor_Enable)
    DCMotor_GetStatus                        0x08001191   Thumb Code    22  dc_motor.o(i.DCMotor_GetStatus)
    DCMotor_Init                             0x080011ad   Thumb Code    72  dc_motor.o(i.DCMotor_Init)
    DCMotor_SetDuty                          0x08001209   Thumb Code   154  dc_motor.o(i.DCMotor_SetDuty)
    DCMotor_UpdateSpeed                      0x080013a1   Thumb Code   138  dc_motor.o(i.DCMotor_UpdateSpeed)
    DMA1_Stream5_IRQHandler                  0x08001449   Thumb Code    10  stm32f4xx_it.o(i.DMA1_Stream5_IRQHandler)
    DMA1_Stream6_IRQHandler                  0x08001459   Thumb Code    10  stm32f4xx_it.o(i.DMA1_Stream6_IRQHandler)
    DebugMon_Handler                         0x08001573   Thumb Code     2  stm32f4xx_it.o(i.DebugMon_Handler)
    Error_Handler                            0x08001575   Thumb Code     6  main.o(i.Error_Handler)
    HAL_DMA_Abort                            0x0800157b   Thumb Code   172  stm32f4xx_hal_dma.o(i.HAL_DMA_Abort)
    HAL_DMA_Abort_IT                         0x08001627   Thumb Code    40  stm32f4xx_hal_dma.o(i.HAL_DMA_Abort_IT)
    HAL_DMA_IRQHandler                       0x08001651   Thumb Code   570  stm32f4xx_hal_dma.o(i.HAL_DMA_IRQHandler)
    HAL_DMA_Init                             0x08001891   Thumb Code   232  stm32f4xx_hal_dma.o(i.HAL_DMA_Init)
    HAL_DMA_Start_IT                         0x0800197d   Thumb Code   146  stm32f4xx_hal_dma.o(i.HAL_DMA_Start_IT)
    HAL_Delay                                0x08001a11   Thumb Code    36  stm32f4xx_hal.o(i.HAL_Delay)
    HAL_GPIO_Init                            0x08001a39   Thumb Code   454  stm32f4xx_hal_gpio.o(i.HAL_GPIO_Init)
    HAL_GPIO_ReadPin                         0x08001c2d   Thumb Code    16  stm32f4xx_hal_gpio.o(i.HAL_GPIO_ReadPin)
    HAL_GPIO_WritePin                        0x08001c3d   Thumb Code    12  stm32f4xx_hal_gpio.o(i.HAL_GPIO_WritePin)
    HAL_GetTick                              0x08001c49   Thumb Code     6  stm32f4xx_hal.o(i.HAL_GetTick)
    HAL_I2C_Init                             0x08001c55   Thumb Code   446  stm32f4xx_hal_i2c.o(i.HAL_I2C_Init)
    HAL_I2C_Mem_Write                        0x08001e25   Thumb Code   348  stm32f4xx_hal_i2c.o(i.HAL_I2C_Mem_Write)
    HAL_I2C_MspInit                          0x08001f89   Thumb Code   122  i2c.o(i.HAL_I2C_MspInit)
    HAL_IncTick                              0x08002011   Thumb Code    16  stm32f4xx_hal.o(i.HAL_IncTick)
    HAL_Init                                 0x08002029   Thumb Code    54  stm32f4xx_hal.o(i.HAL_Init)
    HAL_InitTick                             0x08002065   Thumb Code   140  stm32f4xx_hal_timebase_tim.o(i.HAL_InitTick)
    HAL_MspInit                              0x08002105   Thumb Code    78  stm32f4xx_hal_msp.o(i.HAL_MspInit)
    HAL_NVIC_EnableIRQ                       0x08002159   Thumb Code    40  stm32f4xx_hal_cortex.o(i.HAL_NVIC_EnableIRQ)
    HAL_NVIC_SetPriority                     0x08002181   Thumb Code   124  stm32f4xx_hal_cortex.o(i.HAL_NVIC_SetPriority)
    HAL_NVIC_SetPriorityGrouping             0x080021fd   Thumb Code    32  stm32f4xx_hal_cortex.o(i.HAL_NVIC_SetPriorityGrouping)
    HAL_RCC_ClockConfig                      0x08002225   Thumb Code   368  stm32f4xx_hal_rcc.o(i.HAL_RCC_ClockConfig)
    HAL_RCC_GetClockConfig                   0x080023a9   Thumb Code    58  stm32f4xx_hal_rcc.o(i.HAL_RCC_GetClockConfig)
    HAL_RCC_GetHCLKFreq                      0x080023ed   Thumb Code     6  stm32f4xx_hal_rcc.o(i.HAL_RCC_GetHCLKFreq)
    HAL_RCC_GetPCLK1Freq                     0x080023f9   Thumb Code    22  stm32f4xx_hal_rcc.o(i.HAL_RCC_GetPCLK1Freq)
    HAL_RCC_GetPCLK2Freq                     0x08002419   Thumb Code    22  stm32f4xx_hal_rcc.o(i.HAL_RCC_GetPCLK2Freq)
    HAL_RCC_GetSysClockFreq                  0x08002439   Thumb Code   162  stm32f4xx_hal_rcc.o(i.HAL_RCC_GetSysClockFreq)
    HAL_RCC_OscConfig                        0x080024e9   Thumb Code  1172  stm32f4xx_hal_rcc.o(i.HAL_RCC_OscConfig)
    HAL_SPI_Init                             0x08002985   Thumb Code   200  stm32f4xx_hal_spi.o(i.HAL_SPI_Init)
    HAL_SPI_MspInit                          0x08002a4d   Thumb Code   124  spi.o(i.HAL_SPI_MspInit)
    HAL_SPI_TransmitReceive                  0x08002ad5   Thumb Code   584  stm32f4xx_hal_spi.o(i.HAL_SPI_TransmitReceive)
    HAL_TIMEx_BreakCallback                  0x08002d1d   Thumb Code     2  stm32f4xx_hal_tim_ex.o(i.HAL_TIMEx_BreakCallback)
    HAL_TIMEx_CommutCallback                 0x08002d1f   Thumb Code     2  stm32f4xx_hal_tim_ex.o(i.HAL_TIMEx_CommutCallback)
    HAL_TIMEx_MasterConfigSynchronization    0x08002d21   Thumb Code   150  stm32f4xx_hal_tim_ex.o(i.HAL_TIMEx_MasterConfigSynchronization)
    HAL_TIM_Base_Init                        0x08002dd5   Thumb Code   102  stm32f4xx_hal_tim.o(i.HAL_TIM_Base_Init)
    HAL_TIM_Base_MspInit                     0x08002e3d   Thumb Code    62  tim.o(i.HAL_TIM_Base_MspInit)
    HAL_TIM_Base_Start_IT                    0x08002e85   Thumb Code   138  stm32f4xx_hal_tim.o(i.HAL_TIM_Base_Start_IT)
    HAL_TIM_Encoder_Init                     0x08002f2d   Thumb Code   200  stm32f4xx_hal_tim.o(i.HAL_TIM_Encoder_Init)
    HAL_TIM_Encoder_MspInit                  0x08002ff5   Thumb Code   224  tim.o(i.HAL_TIM_Encoder_MspInit)
    HAL_TIM_Encoder_Start                    0x080030e1   Thumb Code   204  stm32f4xx_hal_tim.o(i.HAL_TIM_Encoder_Start)
    HAL_TIM_IC_CaptureCallback               0x080031ad   Thumb Code     2  stm32f4xx_hal_tim.o(i.HAL_TIM_IC_CaptureCallback)
    HAL_TIM_IRQHandler                       0x080031af   Thumb Code   364  stm32f4xx_hal_tim.o(i.HAL_TIM_IRQHandler)
    HAL_TIM_MspPostInit                      0x0800331d   Thumb Code   222  tim.o(i.HAL_TIM_MspPostInit)
    HAL_TIM_OC_DelayElapsedCallback          0x08003415   Thumb Code     2  stm32f4xx_hal_tim.o(i.HAL_TIM_OC_DelayElapsedCallback)
    HAL_TIM_PWM_ConfigChannel                0x08003417   Thumb Code   260  stm32f4xx_hal_tim.o(i.HAL_TIM_PWM_ConfigChannel)
    HAL_TIM_PWM_Init                         0x0800351b   Thumb Code   102  stm32f4xx_hal_tim.o(i.HAL_TIM_PWM_Init)
    HAL_TIM_PWM_MspInit                      0x08003581   Thumb Code   128  tim.o(i.HAL_TIM_PWM_MspInit)
    HAL_TIM_PWM_PulseFinishedCallback        0x08003611   Thumb Code     2  stm32f4xx_hal_tim.o(i.HAL_TIM_PWM_PulseFinishedCallback)
    HAL_TIM_PWM_Start                        0x08003615   Thumb Code   238  stm32f4xx_hal_tim.o(i.HAL_TIM_PWM_Start)
    HAL_TIM_PeriodElapsedCallback            0x08003721   Thumb Code    18  main.o(i.HAL_TIM_PeriodElapsedCallback)
    HAL_TIM_TriggerCallback                  0x08003739   Thumb Code     2  stm32f4xx_hal_tim.o(i.HAL_TIM_TriggerCallback)
    HAL_UARTEx_ReceiveToIdle_DMA             0x0800373b   Thumb Code   112  stm32f4xx_hal_uart.o(i.HAL_UARTEx_ReceiveToIdle_DMA)
    HAL_UARTEx_RxEventCallback               0x080037ad   Thumb Code    22  main.o(i.HAL_UARTEx_RxEventCallback)
    HAL_UART_ErrorCallback                   0x080037c9   Thumb Code    16  serial.o(i.HAL_UART_ErrorCallback)
    HAL_UART_IRQHandler                      0x080037e1   Thumb Code   772  stm32f4xx_hal_uart.o(i.HAL_UART_IRQHandler)
    HAL_UART_Init                            0x08003ae9   Thumb Code   118  stm32f4xx_hal_uart.o(i.HAL_UART_Init)
    HAL_UART_MspInit                         0x08003b61   Thumb Code   264  usart.o(i.HAL_UART_MspInit)
    HAL_UART_RxCpltCallback                  0x08003c81   Thumb Code     2  stm32f4xx_hal_uart.o(i.HAL_UART_RxCpltCallback)
    HAL_UART_RxHalfCpltCallback              0x08003c83   Thumb Code     2  stm32f4xx_hal_uart.o(i.HAL_UART_RxHalfCpltCallback)
    HAL_UART_Transmit                        0x08003c85   Thumb Code   190  stm32f4xx_hal_uart.o(i.HAL_UART_Transmit)
    HAL_UART_Transmit_DMA                    0x08003d45   Thumb Code   144  stm32f4xx_hal_uart.o(i.HAL_UART_Transmit_DMA)
    HAL_UART_TxCpltCallback                  0x08003de1   Thumb Code    16  serial.o(i.HAL_UART_TxCpltCallback)
    HAL_UART_TxHalfCpltCallback              0x08003df9   Thumb Code     2  stm32f4xx_hal_uart.o(i.HAL_UART_TxHalfCpltCallback)
    HardFault_Handler                        0x08003dfb   Thumb Code     4  stm32f4xx_it.o(i.HardFault_Handler)
    Key_GetValue                             0x080041e5   Thumb Code    54  key_task.o(i.Key_GetValue)
    Key_TaskInit                             0x08004221   Thumb Code    56  key_task.o(i.Key_TaskInit)
    Key_Task_Entry                           0x0800426d   Thumb Code    66  key_task.o(i.Key_Task_Entry)
    Key_Task_Init                            0x080042b9   Thumb Code     8  key_task.o(i.Key_Task_Init)
    MX_DMA_Init                              0x080042c1   Thumb Code    68  dma.o(i.MX_DMA_Init)
    MX_FREERTOS_Init                         0x08004309   Thumb Code    62  freertos.o(i.MX_FREERTOS_Init)
    MX_GPIO_Init                             0x08004365   Thumb Code   356  gpio.o(i.MX_GPIO_Init)
    MX_I2C1_Init                             0x080044dd   Thumb Code    48  i2c.o(i.MX_I2C1_Init)
    MX_SPI2_Init                             0x08004519   Thumb Code    60  spi.o(i.MX_SPI2_Init)
    MX_TIM2_Init                             0x0800455d   Thumb Code   122  tim.o(i.MX_TIM2_Init)
    MX_TIM3_Init                             0x080045dd   Thumb Code   120  tim.o(i.MX_TIM3_Init)
    MX_TIM4_Init                             0x0800465d   Thumb Code   130  tim.o(i.MX_TIM4_Init)
    MX_TIM5_Init                             0x080046e9   Thumb Code   120  tim.o(i.MX_TIM5_Init)
    MX_TIM6_Init                             0x08004769   Thumb Code    66  tim.o(i.MX_TIM6_Init)
    MX_TIM9_Init                             0x080047b5   Thumb Code    94  tim.o(i.MX_TIM9_Init)
    MX_USART2_UART_Init                      0x0800481d   Thumb Code    46  usart.o(i.MX_USART2_UART_Init)
    MemManage_Handler                        0x08004855   Thumb Code     4  stm32f4xx_it.o(i.MemManage_Handler)
    Motor_Task_Entry                         0x080048d9   Thumb Code   662  motor_task.o(i.Motor_Task_Entry)
    Motor_Task_Init                          0x08004bdd   Thumb Code    46  motor_task.o(i.Motor_Task_Init)
    NMI_Handler                              0x08004c25   Thumb Code     4  stm32f4xx_it.o(i.NMI_Handler)
    NRF24L01_FlushRx                         0x08004c29   Thumb Code    22  nrf24l01.o(i.NRF24L01_FlushRx)
    NRF24L01_FlushTx                         0x08004c3f   Thumb Code    22  nrf24l01.o(i.NRF24L01_FlushTx)
    NRF24L01_Init                            0x08004c55   Thumb Code   116  nrf24l01.o(i.NRF24L01_Init)
    NRF24L01_ReadReg                         0x08004ccd   Thumb Code    34  nrf24l01.o(i.NRF24L01_ReadReg)
    NRF24L01_ReadRxPayload                   0x08004cef   Thumb Code    46  nrf24l01.o(i.NRF24L01_ReadRxPayload)
    NRF24L01_ReadStatus                      0x08004d1d   Thumb Code    26  nrf24l01.o(i.NRF24L01_ReadStatus)
    NRF24L01_Receive                         0x08004d39   Thumb Code    84  nrf24l01.o(i.NRF24L01_Receive)
    NRF24L01_Rx                              0x08004d91   Thumb Code    50  nrf24l01.o(i.NRF24L01_Rx)
    NRF24L01_WriteReg                        0x08004e1d   Thumb Code    34  nrf24l01.o(i.NRF24L01_WriteReg)
    NRF24L01_WriteRegs                       0x08004e3f   Thumb Code    52  nrf24l01.o(i.NRF24L01_WriteRegs)
    Nrf_Task_Entry                           0x08004efd   Thumb Code   244  nrf_task.o(i.Nrf_Task_Entry)
    Nrf_Task_Init                            0x08005019   Thumb Code    46  nrf_task.o(i.Nrf_Task_Init)
    OLED_Clear                               0x0800505d   Thumb Code    36  oled.o(i.OLED_Clear)
    OLED_ClearArea                           0x08005085   Thumb Code   140  oled.o(i.OLED_ClearArea)
    OLED_Init                                0x08005115   Thumb Code   156  oled.o(i.OLED_Init)
    OLED_Pow                                 0x080051b1   Thumb Code    20  oled.o(i.OLED_Pow)
    OLED_PublishDisplayData                  0x080051c5   Thumb Code    48  oled_task.o(i.OLED_PublishDisplayData)
    OLED_ReverseArea                         0x080051f9   Thumb Code   140  oled.o(i.OLED_ReverseArea)
    OLED_SetCursor                           0x08005289   Thumb Code    34  oled.o(i.OLED_SetCursor)
    OLED_ShowChar                            0x080052ad   Thumb Code    74  oled.o(i.OLED_ShowChar)
    OLED_ShowFloatNum                        0x08005301   Thumb Code   248  oled.o(i.OLED_ShowFloatNum)
    OLED_ShowHexNum                          0x08005401   Thumb Code    96  oled.o(i.OLED_ShowHexNum)
    OLED_ShowImage                           0x08005461   Thumb Code   248  oled.o(i.OLED_ShowImage)
    OLED_ShowNum                             0x0800555d   Thumb Code    76  oled.o(i.OLED_ShowNum)
    OLED_ShowSignedNum                       0x080055a9   Thumb Code   112  oled.o(i.OLED_ShowSignedNum)
    OLED_ShowString                          0x08005619   Thumb Code   442  oled.o(i.OLED_ShowString)
    OLED_Task_Entry                          0x080057dd   Thumb Code   150  oled_task.o(i.OLED_Task_Entry)
    OLED_Task_Init                           0x0800587d   Thumb Code    60  oled_task.o(i.OLED_Task_Init)
    OLED_Update                              0x080058d5   Thumb Code    36  oled.o(i.OLED_Update)
    OLED_WriteCommand                        0x080058fd   Thumb Code    32  oled.o(i.OLED_WriteCommand)
    OLED_WriteData                           0x08005921   Thumb Code    28  oled.o(i.OLED_WriteData)
    PID_Calculate                            0x08005941   Thumb Code   190  pid.o(i.PID_Calculate)
    PID_Init                                 0x08005a31   Thumb Code    60  pid.o(i.PID_Init)
    PID_Reset                                0x08005a71   Thumb Code    32  pid.o(i.PID_Reset)
    Serial2_DMA_RxEvent                      0x08005c6d   Thumb Code    80  serial.o(i.Serial2_DMA_RxEvent)
    Serial2_Init                             0x08005cc5   Thumb Code   112  serial.o(i.Serial2_Init)
    Serial2_SendString                       0x08005dc9   Thumb Code    28  serial.o(i.Serial2_SendString)
    Serial_Task_Entry                        0x08005df5   Thumb Code    30  serial_task.o(i.Serial_Task_Entry)
    Serial_Task_Init                         0x08005e1d   Thumb Code    34  serial_task.o(i.Serial_Task_Init)
    StartDefaultTask                         0x08005e55   Thumb Code    12  freertos.o(i.StartDefaultTask)
    Stepper_Init                             0x08005e61   Thumb Code    52  step_motor.o(i.Stepper_Init)
    Stepper_SetDir                           0x08005f1d   Thumb Code    44  step_motor.o(i.Stepper_SetDir)
    Stepper_SetEnable                        0x08005f4d   Thumb Code    36  step_motor.o(i.Stepper_SetEnable)
    Stepper_SetSpeedRpm                      0x08005f75   Thumb Code    80  step_motor.o(i.Stepper_SetSpeedRpm)
    Stepper_SetStepFreq                      0x08005fcd   Thumb Code    32  step_motor.o(i.Stepper_SetStepFreq)
    Stepper_Task_Entry                       0x080060e1   Thumb Code  1002  stepper_task.o(i.Stepper_Task_Entry)
    Stepper_Task_Init                        0x08006521   Thumb Code    46  stepper_task.o(i.Stepper_Task_Init)
    SysTick_Handler                          0x08006585   Thumb Code    22  cmsis_os2.o(i.SysTick_Handler)
    SystemClock_Config                       0x0800659d   Thumb Code   170  main.o(i.SystemClock_Config)
    SystemInit                               0x08006651   Thumb Code    14  system_stm32f4xx.o(i.SystemInit)
    TIM1_UP_TIM10_IRQHandler                 0x08006665   Thumb Code    10  stm32f4xx_it.o(i.TIM1_UP_TIM10_IRQHandler)
    TIM6_DAC_IRQHandler                      0x08006675   Thumb Code    10  stm32f4xx_it.o(i.TIM6_DAC_IRQHandler)
    TIM_Base_SetConfig                       0x08006685   Thumb Code   178  stm32f4xx_hal_tim.o(i.TIM_Base_SetConfig)
    TIM_CCxChannelCmd                        0x08006765   Thumb Code    34  stm32f4xx_hal_tim.o(i.TIM_CCxChannelCmd)
    TIM_OC2_SetConfig                        0x080067f9   Thumb Code   114  stm32f4xx_hal_tim.o(i.TIM_OC2_SetConfig)
    UART_Start_Receive_DMA                   0x08006ebd   Thumb Code   202  stm32f4xx_hal_uart.o(i.UART_Start_Receive_DMA)
    USART2_IRQHandler                        0x08007081   Thumb Code    10  stm32f4xx_it.o(i.USART2_IRQHandler)
    UsageFault_Handler                       0x08007091   Thumb Code     4  stm32f4xx_it.o(i.UsageFault_Handler)
    __hardfp_round                           0x080070d9   Thumb Code   194  round.o(i.__hardfp_round)
    __scatterload_copy                       0x080071b9   Thumb Code    14  handlers.o(i.__scatterload_copy)
    __scatterload_null                       0x080071c7   Thumb Code     2  handlers.o(i.__scatterload_null)
    __scatterload_zeroinit                   0x080071c9   Thumb Code    14  handlers.o(i.__scatterload_zeroinit)
    main                                     0x080071d7   Thumb Code    68  main.o(i.main)
    osDelay                                  0x0800721b   Thumb Code    30  cmsis_os2.o(i.osDelay)
    osKernelInitialize                       0x08007239   Thumb Code    38  cmsis_os2.o(i.osKernelInitialize)
    osKernelStart                            0x08007265   Thumb Code    82  cmsis_os2.o(i.osKernelStart)
    osThreadNew                              0x080072c5   Thumb Code   184  cmsis_os2.o(i.osThreadNew)
    pvPortMalloc                             0x08007dd5   Thumb Code   306  heap_4.o(i.pvPortMalloc)
    pvTaskIncrementMutexHeldCount            0x08007f21   Thumb Code    26  tasks.o(i.pvTaskIncrementMutexHeldCount)
    pxPortInitialiseStack                    0x08007f41   Thumb Code    38  port.o(i.pxPortInitialiseStack)
    uxListRemove                             0x08007f6d   Thumb Code    40  list.o(i.uxListRemove)
    vApplicationGetIdleTaskMemory            0x08007f95   Thumb Code    14  cmsis_os2.o(i.vApplicationGetIdleTaskMemory)
    vApplicationGetTimerTaskMemory           0x08007fad   Thumb Code    16  cmsis_os2.o(i.vApplicationGetTimerTaskMemory)
    vListInitialise                          0x08007fc5   Thumb Code    26  list.o(i.vListInitialise)
    vListInitialiseItem                      0x08007fdf   Thumb Code     6  list.o(i.vListInitialiseItem)
    vListInsert                              0x08007fe5   Thumb Code    52  list.o(i.vListInsert)
    vListInsertEnd                           0x08008019   Thumb Code    24  list.o(i.vListInsertEnd)
    vPortEnterCritical                       0x08008031   Thumb Code    76  port.o(i.vPortEnterCritical)
    vPortExitCritical                        0x08008085   Thumb Code    56  port.o(i.vPortExitCritical)
    vPortFree                                0x080080c1   Thumb Code   150  heap_4.o(i.vPortFree)
    vPortSetupTimerInterrupt                 0x08008165   Thumb Code    36  port.o(i.vPortSetupTimerInterrupt)
    vPortValidateInterruptPriority           0x0800818d   Thumb Code   106  port.o(i.vPortValidateInterruptPriority)
    vQueueAddToRegistry                      0x08008205   Thumb Code    38  queue.o(i.vQueueAddToRegistry)
    vQueueWaitForMessageRestricted           0x08008231   Thumb Code    74  queue.o(i.vQueueWaitForMessageRestricted)
    vTaskDelay                               0x0800827d   Thumb Code    82  tasks.o(i.vTaskDelay)
    vTaskDelayUntil                          0x080082d9   Thumb Code   200  tasks.o(i.vTaskDelayUntil)
    vTaskInternalSetTimeOutState             0x080083ad   Thumb Code    14  tasks.o(i.vTaskInternalSetTimeOutState)
    vTaskMissedYield                         0x080083c5   Thumb Code     8  tasks.o(i.vTaskMissedYield)
    vTaskPlaceOnEventList                    0x080083d1   Thumb Code    52  tasks.o(i.vTaskPlaceOnEventList)
    vTaskPlaceOnEventListRestricted          0x08008409   Thumb Code    60  tasks.o(i.vTaskPlaceOnEventListRestricted)
    vTaskPriorityDisinheritAfterTimeout      0x08008449   Thumb Code   194  tasks.o(i.vTaskPriorityDisinheritAfterTimeout)
    vTaskStartScheduler                      0x08008519   Thumb Code   156  tasks.o(i.vTaskStartScheduler)
    vTaskSuspendAll                          0x080085d1   Thumb Code    12  tasks.o(i.vTaskSuspendAll)
    vTaskSwitchContext                       0x080085e1   Thumb Code   122  tasks.o(i.vTaskSwitchContext)
    xPortStartScheduler                      0x08008671   Thumb Code   330  port.o(i.xPortStartScheduler)
    xPortSysTickHandler                      0x080087d9   Thumb Code    46  port.o(i.xPortSysTickHandler)
    xQueueCreateMutex                        0x0800880d   Thumb Code    34  queue.o(i.xQueueCreateMutex)
    xQueueGenericCreate                      0x0800882f   Thumb Code    90  queue.o(i.xQueueGenericCreate)
    xQueueGenericCreateStatic                0x08008889   Thumb Code   224  queue.o(i.xQueueGenericCreateStatic)
    xQueueGenericReset                       0x08008969   Thumb Code   146  queue.o(i.xQueueGenericReset)
    xQueueGenericSend                        0x08008a01   Thumb Code   420  queue.o(i.xQueueGenericSend)
    xQueueGenericSendFromISR                 0x08008ba9   Thumb Code   252  queue.o(i.xQueueGenericSendFromISR)
    xQueueReceive                            0x08008ca5   Thumb Code   356  queue.o(i.xQueueReceive)
    xQueueSemaphoreTake                      0x08008e0d   Thumb Code   434  queue.o(i.xQueueSemaphoreTake)
    xTaskCheckForTimeOut                     0x08008fc5   Thumb Code   132  tasks.o(i.xTaskCheckForTimeOut)
    xTaskCreate                              0x08009051   Thumb Code   100  tasks.o(i.xTaskCreate)
    xTaskCreateStatic                        0x080090b5   Thumb Code   186  tasks.o(i.xTaskCreateStatic)
    xTaskGetSchedulerState                   0x08009171   Thumb Code    24  tasks.o(i.xTaskGetSchedulerState)
    xTaskGetTickCount                        0x08009191   Thumb Code     6  tasks.o(i.xTaskGetTickCount)
    xTaskIncrementTick                       0x0800919d   Thumb Code   280  tasks.o(i.xTaskIncrementTick)
    xTaskPriorityDisinherit                  0x080092e1   Thumb Code   152  tasks.o(i.xTaskPriorityDisinherit)
    xTaskPriorityInherit                     0x08009385   Thumb Code   150  tasks.o(i.xTaskPriorityInherit)
    xTaskRemoveFromEventList                 0x08009429   Thumb Code   126  tasks.o(i.xTaskRemoveFromEventList)
    xTaskResumeAll                           0x080094c1   Thumb Code   222  tasks.o(i.xTaskResumeAll)
    xTimerCreateTimerTask                    0x080095c5   Thumb Code   100  timers.o(i.xTimerCreateTimerTask)
    xTimerGenericCommand                     0x0800963d   Thumb Code   128  timers.o(i.xTimerGenericCommand)
    defaultTask_attributes                   0x080096c0   Data          36  freertos.o(.constdata)
    AHBPrescTable                            0x080096ec   Data          16  system_stm32f4xx.o(.constdata)
    APBPrescTable                            0x080096fc   Data           8  system_stm32f4xx.o(.constdata)
    OLED_F8x16                               0x08009704   Data        1520  oled_data.o(.constdata)
    OLED_F6x8                                0x08009cf4   Data         570  oled_data.o(.constdata)
    OLED_CF16x16                             0x08009f2e   Data         259  oled_data.o(.constdata)
    Diode                                    0x0800a031   Data          32  oled_data.o(.constdata)
    Region$$Table$$Base                      0x0800a060   Number         0  anon$$obj.o(Region$$Table)
    Region$$Table$$Limit                     0x0800a080   Number         0  anon$$obj.o(Region$$Table)
    defaultTaskHandle                        0x20000000   Data           4  freertos.o(.data)
    uwTick                                   0x20000004   Data           4  stm32f4xx_hal.o(.data)
    uwTickPrio                               0x20000008   Data           4  stm32f4xx_hal.o(.data)
    uwTickFreq                               0x2000000c   Data           1  stm32f4xx_hal.o(.data)
    SystemCoreClock                          0x20000010   Data           4  system_stm32f4xx.o(.data)
    pxCurrentTCB                             0x20000014   Data           4  tasks.o(.data)
    MotorTaskHandle                          0x20000094   Data           4  motor_task.o(.data)
    g_all_motor_duty                         0x2000009c   Data           2  motor_task.o(.data)
    g_dc_target_mps                          0x200000a0   Data           4  motor_task.o(.data)
    OLEDTaskHandle                           0x200000ac   Data           4  oled_task.o(.data)
    OLEDDataQueueHandle                      0x200000b0   Data           4  oled_task.o(.data)
    AppDataMutexHandle                       0x200000b4   Data           4  oled_task.o(.data)
    g_app_mode                               0x200000b8   Data           1  oled_task.o(.data)
    g_menu_cursor                            0x200000b9   Data           1  oled_task.o(.data)
    g_in_test                                0x200000ba   Data           1  oled_task.o(.data)
    g_key_state                              0x200000c4   Data           1  key_task.o(.data)
    StepperTaskHandle                        0x200000c8   Data           4  stepper_task.o(.data)
    g_stepper_rpm_l                          0x200000d0   Data           4  stepper_task.o(.data)
    g_stepper_rpm_r                          0x200000d4   Data           4  stepper_task.o(.data)
    g_stepper_dir_l                          0x200000d8   Data           1  stepper_task.o(.data)
    g_stepper_dir_r                          0x200000d9   Data           1  stepper_task.o(.data)
    g_stepper_enable                         0x200000da   Data           1  stepper_task.o(.data)
    g_steer_target_deg                       0x200000dc   Data           4  stepper_task.o(.data)
    g_steer_current_deg                      0x200000e0   Data           4  stepper_task.o(.data)
    NrfTaskHandle                            0x200000e4   Data           4  nrf_task.o(.data)
    g_nrf_last_rx_flag                       0x200000ec   Data           1  nrf_task.o(.data)
    g_nrf_rx_ok_count                        0x200000f0   Data           4  nrf_task.o(.data)
    g_nrf_rx_err_count                       0x200000f4   Data           4  nrf_task.o(.data)
    g_nrf_last_payload                       0x200000f8   Data           4  nrf_task.o(.data)
    g_nrf_last_ok_tick                       0x200000fc   Data           4  nrf_task.o(.data)
    g_js_left                                0x20000100   Data           1  nrf_task.o(.data)
    g_js_right                               0x20000101   Data           1  nrf_task.o(.data)
    NRF24L01_TxAddress                       0x2000010c   Data           5  nrf24l01.o(.data)
    NRF24L01_TxPacket                        0x20000111   Data           4  nrf24l01.o(.data)
    NRF24L01_RxAddress                       0x20000115   Data           5  nrf24l01.o(.data)
    NRF24L01_RxPacket                        0x2000011a   Data           4  nrf24l01.o(.data)
    Serial2_RxFlag                           0x2000011e   Data           1  serial.o(.data)
    hi2c1                                    0x20000124   Data          84  i2c.o(.bss)
    hspi2                                    0x20000178   Data          88  spi.o(.bss)
    htim2                                    0x200001d0   Data          72  tim.o(.bss)
    htim3                                    0x20000218   Data          72  tim.o(.bss)
    htim4                                    0x20000260   Data          72  tim.o(.bss)
    htim5                                    0x200002a8   Data          72  tim.o(.bss)
    htim6                                    0x200002f0   Data          72  tim.o(.bss)
    htim9                                    0x20000338   Data          72  tim.o(.bss)
    huart2                                   0x20000380   Data          72  usart.o(.bss)
    hdma_usart2_tx                           0x200003c8   Data          96  usart.o(.bss)
    hdma_usart2_rx                           0x20000428   Data          96  usart.o(.bss)
    htim10                                   0x20000488   Data          72  stm32f4xx_hal_timebase_tim.o(.bss)
    xQueueRegistry                           0x200004d0   Data          64  queue.o(.bss)
    g_MotorStatus                            0x20004da4   Data          24  motor_task.o(.bss)
    g_dc_pid                                 0x20004dbc   Data          40  motor_task.o(.bss)
    OLED_DisplayBuf                          0x20004e40   Data        1024  oled.o(.bss)
    Serial2_RxPacket                         0x20005240   Data         500  serial.o(.bss)
    __initial_sp                             0x20005d30   Data           0  startup_stm32f407xx.o(STACK)



==============================================================================

Memory Map of the image

  Image Entry point : 0x08000189

  Load Region LR_IROM1 (Base: 0x08000000, Size: 0x0000a1a4, Max: 0x00100000, ABSOLUTE)

    Execution Region ER_IROM1 (Exec base: 0x08000000, Load base: 0x08000000, Size: 0x0000a080, Max: 0x00100000, ABSOLUTE)

    Exec Addr    Load Addr    Size         Type   Attr      Idx    E Section Name        Object

    0x08000000   0x08000000   0x00000188   Data   RO            3    RESET               startup_stm32f407xx.o
    0x08000188   0x08000188   0x00000000   Code   RO         7190  * .ARM.Collect$$$$00000000  mc_w.l(entry.o)
    0x08000188   0x08000188   0x00000004   Code   RO         7294    .ARM.Collect$$$$00000001  mc_w.l(entry2.o)
    0x0800018c   0x0800018c   0x00000004   Code   RO         7297    .ARM.Collect$$$$00000004  mc_w.l(entry5.o)
    0x08000190   0x08000190   0x00000000   Code   RO         7299    .ARM.Collect$$$$00000008  mc_w.l(entry7b.o)
    0x08000190   0x08000190   0x00000000   Code   RO         7301    .ARM.Collect$$$$0000000A  mc_w.l(entry8b.o)
    0x08000190   0x08000190   0x00000008   Code   RO         7302    .ARM.Collect$$$$0000000B  mc_w.l(entry9a.o)
    0x08000198   0x08000198   0x00000004   Code   RO         7309    .ARM.Collect$$$$0000000E  mc_w.l(entry12b.o)
    0x0800019c   0x0800019c   0x00000000   Code   RO         7304    .ARM.Collect$$$$0000000F  mc_w.l(entry10a.o)
    0x0800019c   0x0800019c   0x00000000   Code   RO         7306    .ARM.Collect$$$$00000011  mc_w.l(entry11a.o)
    0x0800019c   0x0800019c   0x00000004   Code   RO         7295    .ARM.Collect$$$$00002712  mc_w.l(entry2.o)
    0x080001a0   0x080001a0   0x000000be   Code   RO         6032    .emb_text           port.o
    0x0800025e   0x0800025e   0x00000002   PAD
    0x08000260   0x08000260   0x00000024   Code   RO            4    .text               startup_stm32f407xx.o
    0x08000284   0x08000284   0x00000062   Code   RO         7193    .text               mc_w.l(uldiv.o)
    0x080002e6   0x080002e6   0x00000024   Code   RO         7195    .text               mc_w.l(memcpya.o)
    0x0800030a   0x0800030a   0x00000024   Code   RO         7199    .text               mc_w.l(memseta.o)
    0x0800032e   0x0800032e   0x0000000e   Code   RO         7201    .text               mc_w.l(strlen.o)
    0x0800033c   0x0800033c   0x0000001c   Code   RO         7203    .text               mc_w.l(strcmp.o)
    0x08000358   0x08000358   0x0000014e   Code   RO         7235    .text               mf_w.l(dadd.o)
    0x080004a6   0x080004a6   0x000000e4   Code   RO         7237    .text               mf_w.l(dmul.o)
    0x0800058a   0x0800058a   0x0000001a   Code   RO         7245    .text               mf_w.l(dfltui.o)
    0x080005a4   0x080005a4   0x00000032   Code   RO         7249    .text               mf_w.l(dfixui.o)
    0x080005d6   0x080005d6   0x00000026   Code   RO         7251    .text               mf_w.l(f2d.o)
    0x080005fc   0x080005fc   0x00000030   Code   RO         7253    .text               mf_w.l(cdcmple.o)
    0x0800062c   0x0800062c   0x00000030   Code   RO         7255    .text               mf_w.l(cdrcmple.o)
    0x0800065c   0x0800065c   0x0000001e   Code   RO         7315    .text               mc_w.l(llshl.o)
    0x0800067a   0x0800067a   0x00000020   Code   RO         7317    .text               mc_w.l(llushr.o)
    0x0800069a   0x0800069a   0x00000024   Code   RO         7319    .text               mc_w.l(llsshr.o)
    0x080006be   0x080006be   0x00000000   Code   RO         7328    .text               mc_w.l(iusefp.o)
    0x080006be   0x080006be   0x000000ba   Code   RO         7331    .text               mf_w.l(depilogue.o)
    0x08000778   0x08000778   0x00000088   Code   RO         7333    .text               mf_w.l(drnd.o)
    0x08000800   0x08000800   0x00000024   Code   RO         7341    .text               mc_w.l(init.o)
    0x08000824   0x08000824   0x00000150   Code   RO         6195    i.App_BuildDisplayDataFromShared  oled_task.o
    0x08000974   0x08000974   0x000001a8   Code   RO         6196    i.App_DrawAllControlPage  oled_task.o
    0x08000b1c   0x08000b1c   0x000000f0   Code   RO         6197    i.App_DrawMainMenu  oled_task.o
    0x08000c0c   0x08000c0c   0x00000154   Code   RO         6198    i.App_DrawMotorPage  oled_task.o
    0x08000d60   0x08000d60   0x00000164   Code   RO         6199    i.App_DrawNrfPage   oled_task.o
    0x08000ec4   0x08000ec4   0x00000148   Code   RO         6200    i.App_DrawStepperPage  oled_task.o
    0x0800100c   0x0800100c   0x00000058   Code   RO         6201    i.App_EnterSelectedMode  oled_task.o
    0x08001064   0x08001064   0x00000014   Code   RO         6202    i.App_FetchKeyEvent  oled_task.o
    0x08001078   0x08001078   0x00000098   Code   RO         6203    i.App_HandleMenuKey  oled_task.o
    0x08001110   0x08001110   0x0000001c   Code   RO         6204    i.App_SyncDisplayDataFromShared  oled_task.o
    0x0800112c   0x0800112c   0x00000004   Code   RO          733    i.BusFault_Handler  stm32f4xx_it.o
    0x08001130   0x08001130   0x0000001a   Code   RO         6484    i.DCMotor_ClampDuty  dc_motor.o
    0x0800114a   0x0800114a   0x00000002   PAD
    0x0800114c   0x0800114c   0x00000028   Code   RO         6485    i.DCMotor_DirectionString  dc_motor.o
    0x08001174   0x08001174   0x0000001c   Code   RO         6486    i.DCMotor_Enable    dc_motor.o
    0x08001190   0x08001190   0x0000001c   Code   RO         6487    i.DCMotor_GetStatus  dc_motor.o
    0x080011ac   0x080011ac   0x0000005c   Code   RO         6488    i.DCMotor_Init      dc_motor.o
    0x08001208   0x08001208   0x000000a0   Code   RO         6489    i.DCMotor_SetDuty   dc_motor.o
    0x080012a8   0x080012a8   0x0000005c   Code   RO         6490    i.DCMotor_SetLeftDirection  dc_motor.o
    0x08001304   0x08001304   0x00000020   Code   RO         6491    i.DCMotor_SetLeftPwmAbs  dc_motor.o
    0x08001324   0x08001324   0x0000005c   Code   RO         6492    i.DCMotor_SetRightDirection  dc_motor.o
    0x08001380   0x08001380   0x00000020   Code   RO         6493    i.DCMotor_SetRightPwmAbs  dc_motor.o
    0x080013a0   0x080013a0   0x000000a8   Code   RO         6494    i.DCMotor_UpdateSpeed  dc_motor.o
    0x08001448   0x08001448   0x00000010   Code   RO          734    i.DMA1_Stream5_IRQHandler  stm32f4xx_it.o
    0x08001458   0x08001458   0x00000010   Code   RO          735    i.DMA1_Stream6_IRQHandler  stm32f4xx_it.o
    0x08001468   0x08001468   0x00000034   Code   RO         2372    i.DMA_CalcBaseAndBitshift  stm32f4xx_hal_dma.o
    0x0800149c   0x0800149c   0x000000aa   Code   RO         2373    i.DMA_CheckFifoParam  stm32f4xx_hal_dma.o
    0x08001546   0x08001546   0x0000002c   Code   RO         2374    i.DMA_SetConfig     stm32f4xx_hal_dma.o
    0x08001572   0x08001572   0x00000002   Code   RO          736    i.DebugMon_Handler  stm32f4xx_it.o
    0x08001574   0x08001574   0x00000006   Code   RO           13    i.Error_Handler     main.o
    0x0800157a   0x0800157a   0x000000ac   Code   RO         2375    i.HAL_DMA_Abort     stm32f4xx_hal_dma.o
    0x08001626   0x08001626   0x00000028   Code   RO         2376    i.HAL_DMA_Abort_IT  stm32f4xx_hal_dma.o
    0x0800164e   0x0800164e   0x00000002   PAD
    0x08001650   0x08001650   0x00000240   Code   RO         2380    i.HAL_DMA_IRQHandler  stm32f4xx_hal_dma.o
    0x08001890   0x08001890   0x000000ec   Code   RO         2381    i.HAL_DMA_Init      stm32f4xx_hal_dma.o
    0x0800197c   0x0800197c   0x00000092   Code   RO         2385    i.HAL_DMA_Start_IT  stm32f4xx_hal_dma.o
    0x08001a0e   0x08001a0e   0x00000002   PAD
    0x08001a10   0x08001a10   0x00000028   Code   RO         2817    i.HAL_Delay         stm32f4xx_hal.o
    0x08001a38   0x08001a38   0x000001f4   Code   RO         2268    i.HAL_GPIO_Init     stm32f4xx_hal_gpio.o
    0x08001c2c   0x08001c2c   0x00000010   Code   RO         2270    i.HAL_GPIO_ReadPin  stm32f4xx_hal_gpio.o
    0x08001c3c   0x08001c3c   0x0000000c   Code   RO         2272    i.HAL_GPIO_WritePin  stm32f4xx_hal_gpio.o
    0x08001c48   0x08001c48   0x0000000c   Code   RO         2823    i.HAL_GetTick       stm32f4xx_hal.o
    0x08001c54   0x08001c54   0x000001d0   Code   RO         3079    i.HAL_I2C_Init      stm32f4xx_hal_i2c.o
    0x08001e24   0x08001e24   0x00000164   Code   RO         3100    i.HAL_I2C_Mem_Write  stm32f4xx_hal_i2c.o
    0x08001f88   0x08001f88   0x00000088   Code   RO          502    i.HAL_I2C_MspInit   i2c.o
    0x08002010   0x08002010   0x00000018   Code   RO         2829    i.HAL_IncTick       stm32f4xx_hal.o
    0x08002028   0x08002028   0x0000003c   Code   RO         2830    i.HAL_Init          stm32f4xx_hal.o
    0x08002064   0x08002064   0x000000a0   Code   RO          845    i.HAL_InitTick      stm32f4xx_hal_timebase_tim.o
    0x08002104   0x08002104   0x00000054   Code   RO          821    i.HAL_MspInit       stm32f4xx_hal_msp.o
    0x08002158   0x08002158   0x00000028   Code   RO         2660    i.HAL_NVIC_EnableIRQ  stm32f4xx_hal_cortex.o
    0x08002180   0x08002180   0x0000007c   Code   RO         2666    i.HAL_NVIC_SetPriority  stm32f4xx_hal_cortex.o
    0x080021fc   0x080021fc   0x00000028   Code   RO         2667    i.HAL_NVIC_SetPriorityGrouping  stm32f4xx_hal_cortex.o
    0x08002224   0x08002224   0x00000184   Code   RO         1869    i.HAL_RCC_ClockConfig  stm32f4xx_hal_rcc.o
    0x080023a8   0x080023a8   0x00000044   Code   RO         1873    i.HAL_RCC_GetClockConfig  stm32f4xx_hal_rcc.o
    0x080023ec   0x080023ec   0x0000000c   Code   RO         1874    i.HAL_RCC_GetHCLKFreq  stm32f4xx_hal_rcc.o
    0x080023f8   0x080023f8   0x00000020   Code   RO         1876    i.HAL_RCC_GetPCLK1Freq  stm32f4xx_hal_rcc.o
    0x08002418   0x08002418   0x00000020   Code   RO         1877    i.HAL_RCC_GetPCLK2Freq  stm32f4xx_hal_rcc.o
    0x08002438   0x08002438   0x000000b0   Code   RO         1878    i.HAL_RCC_GetSysClockFreq  stm32f4xx_hal_rcc.o
    0x080024e8   0x080024e8   0x0000049c   Code   RO         1881    i.HAL_RCC_OscConfig  stm32f4xx_hal_rcc.o
    0x08002984   0x08002984   0x000000c8   Code   RO         3574    i.HAL_SPI_Init      stm32f4xx_hal_spi.o
    0x08002a4c   0x08002a4c   0x00000088   Code   RO          544    i.HAL_SPI_MspInit   spi.o
    0x08002ad4   0x08002ad4   0x00000248   Code   RO         3583    i.HAL_SPI_TransmitReceive  stm32f4xx_hal_spi.o
    0x08002d1c   0x08002d1c   0x00000002   Code   RO         1601    i.HAL_TIMEx_BreakCallback  stm32f4xx_hal_tim_ex.o
    0x08002d1e   0x08002d1e   0x00000002   Code   RO         1602    i.HAL_TIMEx_CommutCallback  stm32f4xx_hal_tim_ex.o
    0x08002d20   0x08002d20   0x000000b4   Code   RO         1620    i.HAL_TIMEx_MasterConfigSynchronization  stm32f4xx_hal_tim_ex.o
    0x08002dd4   0x08002dd4   0x00000066   Code   RO          886    i.HAL_TIM_Base_Init  stm32f4xx_hal_tim.o
    0x08002e3a   0x08002e3a   0x00000002   PAD
    0x08002e3c   0x08002e3c   0x00000048   Code   RO          586    i.HAL_TIM_Base_MspInit  tim.o
    0x08002e84   0x08002e84   0x000000a8   Code   RO          891    i.HAL_TIM_Base_Start_IT  stm32f4xx_hal_tim.o
    0x08002f2c   0x08002f2c   0x000000c8   Code   RO          907    i.HAL_TIM_Encoder_Init  stm32f4xx_hal_tim.o
    0x08002ff4   0x08002ff4   0x000000ec   Code   RO          588    i.HAL_TIM_Encoder_MspInit  tim.o
    0x080030e0   0x080030e0   0x000000cc   Code   RO          910    i.HAL_TIM_Encoder_Start  stm32f4xx_hal_tim.o
    0x080031ac   0x080031ac   0x00000002   Code   RO          920    i.HAL_TIM_IC_CaptureCallback  stm32f4xx_hal_tim.o
    0x080031ae   0x080031ae   0x0000016c   Code   RO          934    i.HAL_TIM_IRQHandler  stm32f4xx_hal_tim.o
    0x0800331a   0x0800331a   0x00000002   PAD
    0x0800331c   0x0800331c   0x000000f8   Code   RO          589    i.HAL_TIM_MspPostInit  tim.o
    0x08003414   0x08003414   0x00000002   Code   RO          937    i.HAL_TIM_OC_DelayElapsedCallback  stm32f4xx_hal_tim.o
    0x08003416   0x08003416   0x00000104   Code   RO          958    i.HAL_TIM_PWM_ConfigChannel  stm32f4xx_hal_tim.o
    0x0800351a   0x0800351a   0x00000066   Code   RO          961    i.HAL_TIM_PWM_Init  stm32f4xx_hal_tim.o
    0x08003580   0x08003580   0x00000090   Code   RO          591    i.HAL_TIM_PWM_MspInit  tim.o
    0x08003610   0x08003610   0x00000002   Code   RO          964    i.HAL_TIM_PWM_PulseFinishedCallback  stm32f4xx_hal_tim.o
    0x08003612   0x08003612   0x00000002   PAD
    0x08003614   0x08003614   0x0000010c   Code   RO          966    i.HAL_TIM_PWM_Start  stm32f4xx_hal_tim.o
    0x08003720   0x08003720   0x00000018   Code   RO           14    i.HAL_TIM_PeriodElapsedCallback  main.o
    0x08003738   0x08003738   0x00000002   Code   RO          977    i.HAL_TIM_TriggerCallback  stm32f4xx_hal_tim.o
    0x0800373a   0x0800373a   0x00000070   Code   RO         3895    i.HAL_UARTEx_ReceiveToIdle_DMA  stm32f4xx_hal_uart.o
    0x080037aa   0x080037aa   0x00000002   PAD
    0x080037ac   0x080037ac   0x0000001c   Code   RO           15    i.HAL_UARTEx_RxEventCallback  main.o
    0x080037c8   0x080037c8   0x00000018   Code   RO         7012    i.HAL_UART_ErrorCallback  serial.o
    0x080037e0   0x080037e0   0x00000308   Code   RO         3914    i.HAL_UART_IRQHandler  stm32f4xx_hal_uart.o
    0x08003ae8   0x08003ae8   0x00000076   Code   RO         3915    i.HAL_UART_Init     stm32f4xx_hal_uart.o
    0x08003b5e   0x08003b5e   0x00000002   PAD
    0x08003b60   0x08003b60   0x00000120   Code   RO          688    i.HAL_UART_MspInit  usart.o
    0x08003c80   0x08003c80   0x00000002   Code   RO         3921    i.HAL_UART_RxCpltCallback  stm32f4xx_hal_uart.o
    0x08003c82   0x08003c82   0x00000002   Code   RO         3922    i.HAL_UART_RxHalfCpltCallback  stm32f4xx_hal_uart.o
    0x08003c84   0x08003c84   0x000000be   Code   RO         3923    i.HAL_UART_Transmit  stm32f4xx_hal_uart.o
    0x08003d42   0x08003d42   0x00000002   PAD
    0x08003d44   0x08003d44   0x0000009c   Code   RO         3924    i.HAL_UART_Transmit_DMA  stm32f4xx_hal_uart.o
    0x08003de0   0x08003de0   0x00000018   Code   RO         7013    i.HAL_UART_TxCpltCallback  serial.o
    0x08003df8   0x08003df8   0x00000002   Code   RO         3927    i.HAL_UART_TxHalfCpltCallback  stm32f4xx_hal_uart.o
    0x08003dfa   0x08003dfa   0x00000004   Code   RO          737    i.HardFault_Handler  stm32f4xx_it.o
    0x08003dfe   0x08003dfe   0x0000003e   Code   RO         3123    i.I2C_IsAcknowledgeFailed  stm32f4xx_hal_i2c.o
    0x08003e3c   0x08003e3c   0x000000e0   Code   RO         3135    i.I2C_RequestMemoryWrite  stm32f4xx_hal_i2c.o
    0x08003f1c   0x08003f1c   0x00000066   Code   RO         3143    i.I2C_WaitOnBTFFlagUntilTimeout  stm32f4xx_hal_i2c.o
    0x08003f82   0x08003f82   0x000000be   Code   RO         3144    i.I2C_WaitOnFlagUntilTimeout  stm32f4xx_hal_i2c.o
    0x08004040   0x08004040   0x000000fa   Code   RO         3145    i.I2C_WaitOnMasterAddressFlagUntilTimeout  stm32f4xx_hal_i2c.o
    0x0800413a   0x0800413a   0x00000066   Code   RO         3149    i.I2C_WaitOnTXEFlagUntilTimeout  stm32f4xx_hal_i2c.o
    0x080041a0   0x080041a0   0x00000044   Code   RO         6302    i.Key_GetState      key_task.o
    0x080041e4   0x080041e4   0x0000003c   Code   RO         6303    i.Key_GetValue      key_task.o
    0x08004220   0x08004220   0x0000004c   Code   RO         6304    i.Key_TaskInit      key_task.o
    0x0800426c   0x0800426c   0x0000004c   Code   RO         6305    i.Key_Task_Entry    key_task.o
    0x080042b8   0x080042b8   0x00000008   Code   RO         6306    i.Key_Task_Init     key_task.o
    0x080042c0   0x080042c0   0x00000048   Code   RO          477    i.MX_DMA_Init       dma.o
    0x08004308   0x08004308   0x0000005c   Code   RO          257    i.MX_FREERTOS_Init  freertos.o
    0x08004364   0x08004364   0x00000178   Code   RO          233    i.MX_GPIO_Init      gpio.o
    0x080044dc   0x080044dc   0x0000003c   Code   RO          503    i.MX_I2C1_Init      i2c.o
    0x08004518   0x08004518   0x00000044   Code   RO          545    i.MX_SPI2_Init      spi.o
    0x0800455c   0x0800455c   0x00000080   Code   RO          592    i.MX_TIM2_Init      tim.o
    0x080045dc   0x080045dc   0x00000080   Code   RO          593    i.MX_TIM3_Init      tim.o
    0x0800465c   0x0800465c   0x0000008c   Code   RO          594    i.MX_TIM4_Init      tim.o
    0x080046e8   0x080046e8   0x00000080   Code   RO          595    i.MX_TIM5_Init      tim.o
    0x08004768   0x08004768   0x0000004c   Code   RO          596    i.MX_TIM6_Init      tim.o
    0x080047b4   0x080047b4   0x00000068   Code   RO          597    i.MX_TIM9_Init      tim.o
    0x0800481c   0x0800481c   0x00000038   Code   RO          689    i.MX_USART2_UART_Init  usart.o
    0x08004854   0x08004854   0x00000004   Code   RO          738    i.MemManage_Handler  stm32f4xx_it.o
    0x08004858   0x08004858   0x00000080   Code   RO         6113    i.Motor_PublishData  motor_task.o
    0x080048d8   0x080048d8   0x00000304   Code   RO         6114    i.Motor_Task_Entry  motor_task.o
    0x08004bdc   0x08004bdc   0x00000048   Code   RO         6115    i.Motor_Task_Init   motor_task.o
    0x08004c24   0x08004c24   0x00000004   Code   RO          739    i.NMI_Handler       stm32f4xx_it.o
    0x08004c28   0x08004c28   0x00000016   Code   RO         6608    i.NRF24L01_FlushRx  nrf24l01.o
    0x08004c3e   0x08004c3e   0x00000016   Code   RO         6609    i.NRF24L01_FlushTx  nrf24l01.o
    0x08004c54   0x08004c54   0x00000078   Code   RO         6610    i.NRF24L01_Init     nrf24l01.o
    0x08004ccc   0x08004ccc   0x00000022   Code   RO         6612    i.NRF24L01_ReadReg  nrf24l01.o
    0x08004cee   0x08004cee   0x0000002e   Code   RO         6614    i.NRF24L01_ReadRxPayload  nrf24l01.o
    0x08004d1c   0x08004d1c   0x0000001a   Code   RO         6615    i.NRF24L01_ReadStatus  nrf24l01.o
    0x08004d36   0x08004d36   0x00000002   PAD
    0x08004d38   0x08004d38   0x00000058   Code   RO         6616    i.NRF24L01_Receive  nrf24l01.o
    0x08004d90   0x08004d90   0x00000032   Code   RO         6617    i.NRF24L01_Rx       nrf24l01.o
    0x08004dc2   0x08004dc2   0x00000002   PAD
    0x08004dc4   0x08004dc4   0x00000028   Code   RO         6618    i.NRF24L01_SPI_SwapByte  nrf24l01.o
    0x08004dec   0x08004dec   0x00000018   Code   RO         6623    i.NRF24L01_W_CE     nrf24l01.o
    0x08004e04   0x08004e04   0x00000018   Code   RO         6624    i.NRF24L01_W_CSN    nrf24l01.o
    0x08004e1c   0x08004e1c   0x00000022   Code   RO         6625    i.NRF24L01_WriteReg  nrf24l01.o
    0x08004e3e   0x08004e3e   0x00000034   Code   RO         6626    i.NRF24L01_WriteRegs  nrf24l01.o
    0x08004e72   0x08004e72   0x00000002   PAD
    0x08004e74   0x08004e74   0x00000088   Code   RO         6403    i.Nrf_PublishData   nrf_task.o
    0x08004efc   0x08004efc   0x0000011c   Code   RO         6404    i.Nrf_Task_Entry    nrf_task.o
    0x08005018   0x08005018   0x00000044   Code   RO         6405    i.Nrf_Task_Init     nrf_task.o
    0x0800505c   0x0800505c   0x00000028   Code   RO         6749    i.OLED_Clear        oled.o
    0x08005084   0x08005084   0x00000090   Code   RO         6750    i.OLED_ClearArea    oled.o
    0x08005114   0x08005114   0x0000009c   Code   RO         6759    i.OLED_Init         oled.o
    0x080051b0   0x080051b0   0x00000014   Code   RO         6761    i.OLED_Pow          oled.o
    0x080051c4   0x080051c4   0x00000034   Code   RO         6206    i.OLED_PublishDisplayData  oled_task.o
    0x080051f8   0x080051f8   0x00000090   Code   RO         6764    i.OLED_ReverseArea  oled.o
    0x08005288   0x08005288   0x00000022   Code   RO         6765    i.OLED_SetCursor    oled.o
    0x080052aa   0x080052aa   0x00000002   PAD
    0x080052ac   0x080052ac   0x00000054   Code   RO         6767    i.OLED_ShowChar     oled.o
    0x08005300   0x08005300   0x00000100   Code   RO         6768    i.OLED_ShowFloatNum  oled.o
    0x08005400   0x08005400   0x00000060   Code   RO         6769    i.OLED_ShowHexNum   oled.o
    0x08005460   0x08005460   0x000000fc   Code   RO         6770    i.OLED_ShowImage    oled.o
    0x0800555c   0x0800555c   0x0000004c   Code   RO         6771    i.OLED_ShowNum      oled.o
    0x080055a8   0x080055a8   0x00000070   Code   RO         6772    i.OLED_ShowSignedNum  oled.o
    0x08005618   0x08005618   0x000001c4   Code   RO         6773    i.OLED_ShowString   oled.o
    0x080057dc   0x080057dc   0x000000a0   Code   RO         6207    i.OLED_Task_Entry   oled_task.o
    0x0800587c   0x0800587c   0x00000058   Code   RO         6208    i.OLED_Task_Init    oled_task.o
    0x080058d4   0x080058d4   0x00000028   Code   RO         6774    i.OLED_Update       oled.o
    0x080058fc   0x080058fc   0x00000024   Code   RO         6776    i.OLED_WriteCommand  oled.o
    0x08005920   0x08005920   0x00000020   Code   RO         6777    i.OLED_WriteData    oled.o
    0x08005940   0x08005940   0x000000c4   Code   RO         6977    i.PID_Calculate     pid.o
    0x08005a04   0x08005a04   0x0000002a   Code   RO         6978    i.PID_Clamp         pid.o
    0x08005a2e   0x08005a2e   0x00000002   PAD
    0x08005a30   0x08005a30   0x00000040   Code   RO         6979    i.PID_Init          pid.o
    0x08005a70   0x08005a70   0x00000024   Code   RO         6980    i.PID_Reset         pid.o
    0x08005a94   0x08005a94   0x00000088   Code   RO         3612    i.SPI_EndRxTxTransaction  stm32f4xx_hal_spi.o
    0x08005b1c   0x08005b1c   0x000000d8   Code   RO         3617    i.SPI_WaitFlagStateUntilTimeout  stm32f4xx_hal_spi.o
    0x08005bf4   0x08005bf4   0x00000078   Code   RO         7014    i.Serial2_DMATx     serial.o
    0x08005c6c   0x08005c6c   0x00000058   Code   RO         7015    i.Serial2_DMA_RxEvent  serial.o
    0x08005cc4   0x08005cc4   0x00000080   Code   RO         7016    i.Serial2_Init      serial.o
    0x08005d44   0x08005d44   0x00000084   Code   RO         7018    i.Serial2_ProcessByte  serial.o
    0x08005dc8   0x08005dc8   0x0000001c   Code   RO         7022    i.Serial2_SendString  serial.o
    0x08005de4   0x08005de4   0x00000010   Code   RO         7023    i.Serial2_WaitTxFinish  serial.o
    0x08005df4   0x08005df4   0x00000028   Code   RO         6449    i.Serial_Task_Entry  serial_task.o
    0x08005e1c   0x08005e1c   0x00000038   Code   RO         6450    i.Serial_Task_Init  serial_task.o
    0x08005e54   0x08005e54   0x0000000c   Code   RO          258    i.StartDefaultTask  freertos.o
    0x08005e60   0x08005e60   0x0000003c   Code   RO         7113    i.Stepper_Init      step_motor.o
    0x08005e9c   0x08005e9c   0x00000080   Code   RO         6356    i.Stepper_PublishData  stepper_task.o
    0x08005f1c   0x08005f1c   0x00000030   Code   RO         7114    i.Stepper_SetDir    step_motor.o
    0x08005f4c   0x08005f4c   0x00000028   Code   RO         7115    i.Stepper_SetEnable  step_motor.o
    0x08005f74   0x08005f74   0x00000058   Code   RO         7116    i.Stepper_SetSpeedRpm  step_motor.o
    0x08005fcc   0x08005fcc   0x00000028   Code   RO         7117    i.Stepper_SetStepFreq  step_motor.o
    0x08005ff4   0x08005ff4   0x000000ec   Code   RO         7118    i.Stepper_SetTimerFreq  step_motor.o
    0x080060e0   0x080060e0   0x00000440   Code   RO         6357    i.Stepper_Task_Entry  stepper_task.o
    0x08006520   0x08006520   0x00000048   Code   RO         6358    i.Stepper_Task_Init  stepper_task.o
    0x08006568   0x08006568   0x0000001c   Code   RO         7119    i.Stepper_WriteEn   step_motor.o
    0x08006584   0x08006584   0x00000016   Code   RO         5443    i.SysTick_Handler   cmsis_os2.o
    0x0800659a   0x0800659a   0x00000002   PAD
    0x0800659c   0x0800659c   0x000000b4   Code   RO           16    i.SystemClock_Config  main.o
    0x08006650   0x08006650   0x00000014   Code   RO         4259    i.SystemInit        system_stm32f4xx.o
    0x08006664   0x08006664   0x00000010   Code   RO          740    i.TIM1_UP_TIM10_IRQHandler  stm32f4xx_it.o
    0x08006674   0x08006674   0x00000010   Code   RO          741    i.TIM6_DAC_IRQHandler  stm32f4xx_it.o
    0x08006684   0x08006684   0x000000e0   Code   RO          979    i.TIM_Base_SetConfig  stm32f4xx_hal_tim.o
    0x08006764   0x08006764   0x00000022   Code   RO          980    i.TIM_CCxChannelCmd  stm32f4xx_hal_tim.o
    0x08006786   0x08006786   0x00000002   PAD
    0x08006788   0x08006788   0x00000070   Code   RO          992    i.TIM_OC1_SetConfig  stm32f4xx_hal_tim.o
    0x080067f8   0x080067f8   0x0000007c   Code   RO          993    i.TIM_OC2_SetConfig  stm32f4xx_hal_tim.o
    0x08006874   0x08006874   0x00000078   Code   RO          994    i.TIM_OC3_SetConfig  stm32f4xx_hal_tim.o
    0x080068ec   0x080068ec   0x00000054   Code   RO          995    i.TIM_OC4_SetConfig  stm32f4xx_hal_tim.o
    0x08006940   0x08006940   0x00000012   Code   RO         3928    i.UART_DMAAbortOnError  stm32f4xx_hal_uart.o
    0x08006952   0x08006952   0x00000050   Code   RO         3929    i.UART_DMAError     stm32f4xx_hal_uart.o
    0x080069a2   0x080069a2   0x000000b4   Code   RO         3930    i.UART_DMAReceiveCplt  stm32f4xx_hal_uart.o
    0x08006a56   0x08006a56   0x00000024   Code   RO         3932    i.UART_DMARxHalfCplt  stm32f4xx_hal_uart.o
    0x08006a7a   0x08006a7a   0x00000058   Code   RO         3934    i.UART_DMATransmitCplt  stm32f4xx_hal_uart.o
    0x08006ad2   0x08006ad2   0x0000000e   Code   RO         3936    i.UART_DMATxHalfCplt  stm32f4xx_hal_uart.o
    0x08006ae0   0x08006ae0   0x0000006c   Code   RO         3938    i.UART_EndRxTransfer  stm32f4xx_hal_uart.o
    0x08006b4c   0x08006b4c   0x00000020   Code   RO         3939    i.UART_EndTransmit_IT  stm32f4xx_hal_uart.o
    0x08006b6c   0x08006b6c   0x00000026   Code   RO         3940    i.UART_EndTxTransfer  stm32f4xx_hal_uart.o
    0x08006b92   0x08006b92   0x000000fc   Code   RO         3941    i.UART_Receive_IT   stm32f4xx_hal_uart.o
    0x08006c8e   0x08006c8e   0x00000002   PAD
    0x08006c90   0x08006c90   0x0000022c   Code   RO         3942    i.UART_SetConfig    stm32f4xx_hal_uart.o
    0x08006ebc   0x08006ebc   0x000000d8   Code   RO         3943    i.UART_Start_Receive_DMA  stm32f4xx_hal_uart.o
    0x08006f94   0x08006f94   0x00000060   Code   RO         3945    i.UART_Transmit_IT  stm32f4xx_hal_uart.o
    0x08006ff4   0x08006ff4   0x0000008c   Code   RO         3946    i.UART_WaitOnFlagUntilTimeout  stm32f4xx_hal_uart.o
    0x08007080   0x08007080   0x00000010   Code   RO          742    i.USART2_IRQHandler  stm32f4xx_it.o
    0x08007090   0x08007090   0x00000004   Code   RO          743    i.UsageFault_Handler  stm32f4xx_it.o
    0x08007094   0x08007094   0x00000010   Code   RO         2673    i.__NVIC_GetPriorityGrouping  stm32f4xx_hal_cortex.o
    0x080070a4   0x080070a4   0x00000028   Code   RO         2674    i.__NVIC_SetPriority  stm32f4xx_hal_cortex.o
    0x080070cc   0x080070cc   0x00000006   Code   RO         5445    i.__get_IPSR        cmsis_os2.o
    0x080070d2   0x080070d2   0x00000006   PAD
    0x080070d8   0x080070d8   0x000000e0   Code   RO         7186    i.__hardfp_round    m_wm.l(round.o)
    0x080071b8   0x080071b8   0x0000000e   Code   RO         7347    i.__scatterload_copy  mc_w.l(handlers.o)
    0x080071c6   0x080071c6   0x00000002   Code   RO         7348    i.__scatterload_null  mc_w.l(handlers.o)
    0x080071c8   0x080071c8   0x0000000e   Code   RO         7349    i.__scatterload_zeroinit  mc_w.l(handlers.o)
    0x080071d6   0x080071d6   0x00000044   Code   RO           17    i.main              main.o
    0x0800721a   0x0800721a   0x0000001e   Code   RO         5446    i.osDelay           cmsis_os2.o
    0x08007238   0x08007238   0x0000002c   Code   RO         5460    i.osKernelInitialize  cmsis_os2.o
    0x08007264   0x08007264   0x00000060   Code   RO         5463    i.osKernelStart     cmsis_os2.o
    0x080072c4   0x080072c4   0x000000b8   Code   RO         5505    i.osThreadNew       cmsis_os2.o
    0x0800737c   0x0800737c   0x0000007c   Code   RO         4880    i.prvAddCurrentTaskToDelayedList  tasks.o
    0x080073f8   0x080073f8   0x000000b8   Code   RO         4881    i.prvAddNewTaskToReadyList  tasks.o
    0x080074b0   0x080074b0   0x00000074   Code   RO         5256    i.prvCheckForValidListAndQueue  timers.o
    0x08007524   0x08007524   0x00000048   Code   RO         4882    i.prvCheckTasksWaitingTermination  tasks.o
    0x0800756c   0x0800756c   0x0000002a   Code   RO         4467    i.prvCopyDataFromQueue  queue.o
    0x08007596   0x08007596   0x0000007e   Code   RO         4468    i.prvCopyDataToQueue  queue.o
    0x08007614   0x08007614   0x00000050   Code   RO         4883    i.prvDeleteTCB      tasks.o
    0x08007664   0x08007664   0x00000014   Code   RO         4469    i.prvGetDisinheritPriorityAfterTimeout  queue.o
    0x08007678   0x08007678   0x00000028   Code   RO         5257    i.prvGetNextExpireTime  timers.o
    0x080076a0   0x080076a0   0x0000007c   Code   RO         5977    i.prvHeapInit       heap_4.o
    0x0800771c   0x0800771c   0x00000028   Code   RO         4884    i.prvIdleTask       tasks.o
    0x08007744   0x08007744   0x0000001e   Code   RO         4470    i.prvInitialiseMutex  queue.o
    0x08007762   0x08007762   0x0000002a   Code   RO         4471    i.prvInitialiseNewQueue  queue.o
    0x0800778c   0x0800778c   0x000000be   Code   RO         4885    i.prvInitialiseNewTask  tasks.o
    0x0800784a   0x0800784a   0x00000002   PAD
    0x0800784c   0x0800784c   0x00000068   Code   RO         4886    i.prvInitialiseTaskLists  tasks.o
    0x080078b4   0x080078b4   0x00000068   Code   RO         5978    i.prvInsertBlockIntoFreeList  heap_4.o
    0x0800791c   0x0800791c   0x00000058   Code   RO         5259    i.prvInsertTimerInActiveList  timers.o
    0x08007974   0x08007974   0x0000001a   Code   RO         4472    i.prvIsQueueEmpty   queue.o
    0x0800798e   0x0800798e   0x0000001e   Code   RO         4473    i.prvIsQueueFull    queue.o
    0x080079ac   0x080079ac   0x00000074   Code   RO         5260    i.prvProcessExpiredTimer  timers.o
    0x08007a20   0x08007a20   0x00000164   Code   RO         5261    i.prvProcessReceivedCommands  timers.o
    0x08007b84   0x08007b84   0x00000074   Code   RO         5262    i.prvProcessTimerOrBlockTask  timers.o
    0x08007bf8   0x08007bf8   0x00000034   Code   RO         4888    i.prvResetNextTaskUnblockTime  tasks.o
    0x08007c2c   0x08007c2c   0x0000002c   Code   RO         5263    i.prvSampleTimeNow  timers.o
    0x08007c58   0x08007c58   0x000000a4   Code   RO         5264    i.prvSwitchTimerLists  timers.o
    0x08007cfc   0x08007cfc   0x00000040   Code   RO         6033    i.prvTaskExitError  port.o
    0x08007d3c   0x08007d3c   0x0000001a   Code   RO         5265    i.prvTimerTask      timers.o
    0x08007d56   0x08007d56   0x0000007e   Code   RO         4474    i.prvUnlockQueue    queue.o
    0x08007dd4   0x08007dd4   0x0000014c   Code   RO         5979    i.pvPortMalloc      heap_4.o
    0x08007f20   0x08007f20   0x00000020   Code   RO         4891    i.pvTaskIncrementMutexHeldCount  tasks.o
    0x08007f40   0x08007f40   0x0000002c   Code   RO         6034    i.pxPortInitialiseStack  port.o
    0x08007f6c   0x08007f6c   0x00000028   Code   RO         4427    i.uxListRemove      list.o
    0x08007f94   0x08007f94   0x00000018   Code   RO         5517    i.vApplicationGetIdleTaskMemory  cmsis_os2.o
    0x08007fac   0x08007fac   0x00000018   Code   RO         5518    i.vApplicationGetTimerTaskMemory  cmsis_os2.o
    0x08007fc4   0x08007fc4   0x0000001a   Code   RO         4428    i.vListInitialise   list.o
    0x08007fde   0x08007fde   0x00000006   Code   RO         4429    i.vListInitialiseItem  list.o
    0x08007fe4   0x08007fe4   0x00000034   Code   RO         4430    i.vListInsert       list.o
    0x08008018   0x08008018   0x00000018   Code   RO         4431    i.vListInsertEnd    list.o
    0x08008030   0x08008030   0x00000054   Code   RO         6036    i.vPortEnterCritical  port.o
    0x08008084   0x08008084   0x0000003c   Code   RO         6037    i.vPortExitCritical  port.o
    0x080080c0   0x080080c0   0x000000a4   Code   RO         5980    i.vPortFree         heap_4.o
    0x08008164   0x08008164   0x00000028   Code   RO         6038    i.vPortSetupTimerInterrupt  port.o
    0x0800818c   0x0800818c   0x00000078   Code   RO         6039    i.vPortValidateInterruptPriority  port.o
    0x08008204   0x08008204   0x0000002c   Code   RO         4480    i.vQueueAddToRegistry  queue.o
    0x08008230   0x08008230   0x0000004a   Code   RO         4484    i.vQueueWaitForMessageRestricted  queue.o
    0x0800827a   0x0800827a   0x00000002   PAD
    0x0800827c   0x0800827c   0x0000005c   Code   RO         4901    i.vTaskDelay        tasks.o
    0x080082d8   0x080082d8   0x000000d4   Code   RO         4902    i.vTaskDelayUntil   tasks.o
    0x080083ac   0x080083ac   0x00000018   Code   RO         4906    i.vTaskInternalSetTimeOutState  tasks.o
    0x080083c4   0x080083c4   0x0000000c   Code   RO         4907    i.vTaskMissedYield  tasks.o
    0x080083d0   0x080083d0   0x00000038   Code   RO         4909    i.vTaskPlaceOnEventList  tasks.o
    0x08008408   0x08008408   0x00000040   Code   RO         4910    i.vTaskPlaceOnEventListRestricted  tasks.o
    0x08008448   0x08008448   0x000000d0   Code   RO         4912    i.vTaskPriorityDisinheritAfterTimeout  tasks.o
    0x08008518   0x08008518   0x000000b8   Code   RO         4918    i.vTaskStartScheduler  tasks.o
    0x080085d0   0x080085d0   0x00000010   Code   RO         4920    i.vTaskSuspendAll   tasks.o
    0x080085e0   0x080085e0   0x00000090   Code   RO         4921    i.vTaskSwitchContext  tasks.o
    0x08008670   0x08008670   0x00000168   Code   RO         6040    i.xPortStartScheduler  port.o
    0x080087d8   0x080087d8   0x00000034   Code   RO         6041    i.xPortSysTickHandler  port.o
    0x0800880c   0x0800880c   0x00000022   Code   RO         4487    i.xQueueCreateMutex  queue.o
    0x0800882e   0x0800882e   0x0000005a   Code   RO         4489    i.xQueueGenericCreate  queue.o
    0x08008888   0x08008888   0x000000e0   Code   RO         4490    i.xQueueGenericCreateStatic  queue.o
    0x08008968   0x08008968   0x00000098   Code   RO         4491    i.xQueueGenericReset  queue.o
    0x08008a00   0x08008a00   0x000001a8   Code   RO         4492    i.xQueueGenericSend  queue.o
    0x08008ba8   0x08008ba8   0x000000fc   Code   RO         4493    i.xQueueGenericSendFromISR  queue.o
    0x08008ca4   0x08008ca4   0x00000168   Code   RO         4502    i.xQueueReceive     queue.o
    0x08008e0c   0x08008e0c   0x000001b8   Code   RO         4504    i.xQueueSemaphoreTake  queue.o
    0x08008fc4   0x08008fc4   0x0000008c   Code   RO         4923    i.xTaskCheckForTimeOut  tasks.o
    0x08009050   0x08009050   0x00000064   Code   RO         4924    i.xTaskCreate       tasks.o
    0x080090b4   0x080090b4   0x000000ba   Code   RO         4925    i.xTaskCreateStatic  tasks.o
    0x0800916e   0x0800916e   0x00000002   PAD
    0x08009170   0x08009170   0x00000020   Code   RO         4929    i.xTaskGetSchedulerState  tasks.o
    0x08009190   0x08009190   0x0000000c   Code   RO         4930    i.xTaskGetTickCount  tasks.o
    0x0800919c   0x0800919c   0x00000144   Code   RO         4932    i.xTaskIncrementTick  tasks.o
    0x080092e0   0x080092e0   0x000000a4   Code   RO         4935    i.xTaskPriorityDisinherit  tasks.o
    0x08009384   0x08009384   0x000000a4   Code   RO         4936    i.xTaskPriorityInherit  tasks.o
    0x08009428   0x08009428   0x00000098   Code   RO         4937    i.xTaskRemoveFromEventList  tasks.o
    0x080094c0   0x080094c0   0x00000104   Code   RO         4938    i.xTaskResumeAll    tasks.o
    0x080095c4   0x080095c4   0x00000078   Code   RO         5274    i.xTimerCreateTimerTask  timers.o
    0x0800963c   0x0800963c   0x00000084   Code   RO         5275    i.xTimerGenericCommand  timers.o
    0x080096c0   0x080096c0   0x00000024   Data   RO          259    .constdata          freertos.o
    0x080096e4   0x080096e4   0x00000008   Data   RO         2387    .constdata          stm32f4xx_hal_dma.o
    0x080096ec   0x080096ec   0x00000018   Data   RO         4260    .constdata          system_stm32f4xx.o
    0x08009704   0x08009704   0x0000094d   Data   RO         6965    .constdata          oled_data.o
    0x0800a051   0x0800a051   0x00000003   PAD
    0x0800a054   0x0800a054   0x0000000c   Data   RO          260    .conststring        freertos.o
    0x0800a060   0x0800a060   0x00000020   Data   RO         7345    Region$$Table       anon$$obj.o


    Execution Region RW_IRAM1 (Exec base: 0x20000000, Load base: 0x0800a080, Size: 0x00005d30, Max: 0x00020000, ABSOLUTE)

    Exec Addr    Load Addr    Size         Type   Attr      Idx    E Section Name        Object

    0x20000000   0x0800a080   0x00000004   Data   RW          261    .data               freertos.o
    0x20000004   0x0800a084   0x00000009   Data   RW         2837    .data               stm32f4xx_hal.o
    0x2000000d   0x0800a08d   0x00000003   PAD
    0x20000010   0x0800a090   0x00000004   Data   RW         4261    .data               system_stm32f4xx.o
    0x20000014   0x0800a094   0x0000003c   Data   RW         4941    .data               tasks.o
    0x20000050   0x0800a0d0   0x00000014   Data   RW         5283    .data               timers.o
    0x20000064   0x0800a0e4   0x00000004   Data   RW         5520    .data               cmsis_os2.o
    0x20000068   0x0800a0e8   0x00000020   Data   RW         5986    .data               heap_4.o
    0x20000088   0x0800a108   0x0000000c   Data   RW         6042    .data               port.o
    0x20000094   0x0800a114   0x00000018   Data   RW         6117    .data               motor_task.o
    0x200000ac   0x0800a12c   0x0000000f   Data   RW         6210    .data               oled_task.o
    0x200000bb   0x0800a13b   0x00000001   PAD
    0x200000bc   0x0800a13c   0x00000009   Data   RW         6307    .data               key_task.o
    0x200000c5   0x0800a145   0x00000003   PAD
    0x200000c8   0x0800a148   0x0000001c   Data   RW         6359    .data               stepper_task.o
    0x200000e4   0x0800a164   0x0000001e   Data   RW         6406    .data               nrf_task.o
    0x20000102   0x0800a182   0x00000002   PAD
    0x20000104   0x0800a184   0x00000004   Data   RW         6451    .data               serial_task.o
    0x20000108   0x0800a188   0x00000004   Data   RW         6496    .data               dc_motor.o
    0x2000010c   0x0800a18c   0x00000012   Data   RW         6628    .data               nrf24l01.o
    0x2000011e   0x0800a19e   0x00000006   Data   RW         7026    .data               serial.o
    0x20000124        -       0x00000054   Zero   RW          504    .bss                i2c.o
    0x20000178        -       0x00000058   Zero   RW          546    .bss                spi.o
    0x200001d0        -       0x000001b0   Zero   RW          598    .bss                tim.o
    0x20000380        -       0x00000108   Zero   RW          690    .bss                usart.o
    0x20000488        -       0x00000048   Zero   RW          848    .bss                stm32f4xx_hal_timebase_tim.o
    0x200004d0        -       0x00000040   Zero   RW         4506    .bss                queue.o
    0x20000510        -       0x000004c4   Zero   RW         4940    .bss                tasks.o
    0x200009d4        -       0x00000118   Zero   RW         5282    .bss                timers.o
    0x20000aec        -       0x000006b8   Zero   RW         5519    .bss                cmsis_os2.o
    0x200011a4        -       0x00003c00   Zero   RW         5985    .bss                heap_4.o
    0x20004da4        -       0x00000040   Zero   RW         6116    .bss                motor_task.o
    0x20004de4        -       0x00000044   Zero   RW         6209    .bss                oled_task.o
    0x20004e28        -       0x00000018   Zero   RW         6495    .bss                dc_motor.o
    0x20004e40        -       0x00000400   Zero   RW         6779    .bss                oled.o
    0x20005240        -       0x000006f0   Zero   RW         7025    .bss                serial.o
    0x20005930        -       0x00000400   Zero   RW            1    STACK               startup_stm32f407xx.o


==============================================================================

Image component sizes


      Code (inc. data)   RO Data    RW Data    ZI Data      Debug   Object Name

       430         38          0          4       1720      65107   cmsis_os2.o
       790         94          0          4         24       8122   dc_motor.o
        72          4          0          0          0        782   dma.o
         0          0          0          0          0      19468   event_groups.o
       104         30         48          4          0     593353   freertos.o
       376         20          0          0          0       1143   gpio.o
       724         74          0         32      15360       4887   heap_4.o
       196         26          0          0         84       1673   i2c.o
       288         42          0          9          0       3569   key_task.o
       148          0          0          0          0       3586   list.o
       306         22          0          0          0     719113   main.o
       972        152          0         24         64       7482   motor_task.o
       582         24          0         18          0       8422   nrf24l01.o
       488         96          0         30          0       3688   nrf_task.o
      1974         56          0          0       1024      12867   oled.o
         0          0       2381          0          0       1078   oled_data.o
      2612        518          0         15         68       9724   oled_task.o
       338         14          0          0          0       3743   pid.o
      1014         92          0         12          0      11733   port.o
      2536         26          0          0         64      22080   queue.o
       560         76          0          6       1776       6718   serial.o
        96         32          0          4          0       1651   serial_task.o
       204         20          0          0         88       1685   spi.o
        36          8        392          0       1024        836   startup_stm32f407xx.o
       540         40          0          0          0       5612   step_motor.o
      1288        144          0         28          0       4593   stepper_task.o
       136         24          0          9          0       8758   stm32f4xx_hal.o
       260         22          0          0          0      33582   stm32f4xx_hal_cortex.o
      1436         16          8          0          0       7066   stm32f4xx_hal_dma.o
       528         46          0          0          0       2799   stm32f4xx_hal_gpio.o
      1750         30          0          0          0       8475   stm32f4xx_hal_i2c.o
        84          6          0          0          0        870   stm32f4xx_hal_msp.o
      1888         94          0          0          0       6325   stm32f4xx_hal_rcc.o
      1136         12          0          0          0       4673   stm32f4xx_hal_spi.o
      2374        142          0          0          0      14321   stm32f4xx_hal_tim.o
       184         30          0          0          0       2545   stm32f4xx_hal_tim_ex.o
       160         20          0          0         72       1448   stm32f4xx_hal_timebase_tim.o
      3212         40          0          0          0      18060   stm32f4xx_hal_uart.o
       102         30          0          0          0       5386   stm32f4xx_it.o
         0          0          0          0          0        384   stream_buffer.o
        20          6         24          4          0       1139   system_stm32f4xx.o
      3424        392          0         60       1220      31433   tasks.o
      1404        116          0          0        432       7261   tim.o
      1318        124          0         20        280      32943   timers.o
       344         34          0          0        264       1908   usart.o

    ----------------------------------------------------------------------
     36482       2832       2888        292      23564    1712091   Object Totals
         0          0         32          0          0          0   (incl. Generated)
        48          0          3          9          0          0   (incl. Padding)

    ----------------------------------------------------------------------

      Code (inc. data)   RO Data    RW Data    ZI Data      Debug   Library Member Name

       224         30          0          0          0        172   round.o
         0          0          0          0          0          0   entry.o
         0          0          0          0          0          0   entry10a.o
         0          0          0          0          0          0   entry11a.o
         4          0          0          0          0          0   entry12b.o
         8          4          0          0          0          0   entry2.o
         4          0          0          0          0          0   entry5.o
         0          0          0          0          0          0   entry7b.o
         0          0          0          0          0          0   entry8b.o
         8          4          0          0          0          0   entry9a.o
        30          0          0          0          0          0   handlers.o
        36          8          0          0          0         68   init.o
         0          0          0          0          0          0   iusefp.o
        30          0          0          0          0         68   llshl.o
        36          0          0          0          0         68   llsshr.o
        32          0          0          0          0         68   llushr.o
        36          0          0          0          0         68   memcpya.o
        36          0          0          0          0        108   memseta.o
        28          0          0          0          0         76   strcmp.o
        14          0          0          0          0         68   strlen.o
        98          0          0          0          0         92   uldiv.o
        48          0          0          0          0         68   cdcmple.o
        48          0          0          0          0         68   cdrcmple.o
       334          0          0          0          0        148   dadd.o
       186          0          0          0          0        176   depilogue.o
        50          0          0          0          0         76   dfixui.o
        26          0          0          0          0         76   dfltui.o
       228          0          0          0          0         96   dmul.o
       136          4          0          0          0         92   drnd.o
        38          0          0          0          0         68   f2d.o

    ----------------------------------------------------------------------
      1718         50          0          0          0       1724   Library Totals
         0          0          0          0          0          0   (incl. Padding)

    ----------------------------------------------------------------------

      Code (inc. data)   RO Data    RW Data    ZI Data      Debug   Library Name

       224         30          0          0          0        172   m_wm.l
       400         16          0          0          0        684   mc_w.l
      1094          4          0          0          0        868   mf_w.l

    ----------------------------------------------------------------------
      1718         50          0          0          0       1724   Library Totals

    ----------------------------------------------------------------------

==============================================================================


      Code (inc. data)   RO Data    RW Data    ZI Data      Debug   

     38200       2882       2888        292      23564    1684739   Grand Totals
     38200       2882       2888        292      23564    1684739   ELF Image Totals
     38200       2882       2888        292          0          0   ROM Totals

==============================================================================

    Total RO  Size (Code + RO Data)                41088 (  40.13kB)
    Total RW  Size (RW Data + ZI Data)             23856 (  23.30kB)
    Total ROM Size (Code + RO Data + RW Data)      41380 (  40.41kB)

==============================================================================

